2026-08-14 11:06:57 [] INFO - HV000001: Hibernate Validator 9.1.0.Final
2026-08-14 11:06:57 [] INFO - Starting StudentsApiCApplication using Java 17.0.15 with PID 51264 (/Users/renthairath/Downloads/StudentsApiC/build/classes/java/main started by renthairath in /Users/renthairath/Downloads/StudentsApiC)
2026-08-14 11:06:57 [] INFO - No active profile set, falling back to 1 default profile: "default"
2026-08-14 11:06:57 [] INFO - Devtools property defaults active! Set 'spring.devtools.add-properties' to 'false' to disable
2026-08-14 11:06:57 [] INFO - For additional web related logging consider setting the 'logging.level.web' property to 'DEBUG'
2026-08-14 11:06:58 [] INFO - Multiple Spring Data modules found, entering strict repository configuration mode
2026-08-14 11:06:58 [] INFO - Bootstrapping Spring Data JPA repositories in DEFAULT mode.
2026-08-14 11:06:58 [] INFO - Finished Spring Data repository scanning in 68 ms. Found 1 JPA repository interface.
2026-08-14 11:06:58 [] INFO - Multiple Spring Data modules found, entering strict repository configuration mode
2026-08-14 11:06:58 [] INFO - Bootstrapping Spring Data Redis repositories in DEFAULT mode.
2026-08-14 11:06:58 [] INFO - Spring Data Redis - Could not safely identify store assignment for repository candidate interface com.example.StudentsApiC.Students.repository.StudentRepository; If you want this repository to be a Redis repository, consider annotating your entities with one of these annotations: org.springframework.data.redis.core.RedisHash (preferred), or consider extending one of the following types with your repository: org.springframework.data.keyvalue.repository.KeyValueRepository
2026-08-14 11:06:58 [] INFO - Finished Spring Data repository scanning in 4 ms. Found 0 Redis repository interfaces.
2026-08-14 11:06:58 [] INFO - BeanFactory id=48ca0b53-89f2-3ab3-98e1-69c48add1f6b
2026-08-14 11:06:58 [] INFO - Tomcat initialized with port 8080 (http)
2026-08-14 11:06:58 [] INFO - Initializing ProtocolHandler ["http-nio-8080"]
2026-08-14 11:06:58 [] INFO - Starting service [Tomcat]
2026-08-14 11:06:58 [] INFO - Starting Servlet engine: [Apache Tomcat/11.0.22]
2026-08-14 11:06:58 [] INFO - Root WebApplicationContext: initialization completed in 1067 ms
2026-08-14 11:06:58 [] INFO - HHH008540: Processing PersistenceUnitInfo [name: default]
2026-08-14 11:06:58 [] INFO - HHH000001: Hibernate ORM core version 7.4.1.Final
2026-08-14 11:06:59 [] INFO - No LoadTimeWeaver setup: ignoring JPA class transformer
2026-08-14 11:06:59 [] INFO - HikariPool-1 - Starting...
2026-08-14 11:06:59 [] INFO - HikariPool-1 - Added connection com.mysql.cj.jdbc.ConnectionImpl@18c8cc03
2026-08-14 11:06:59 [] INFO - HikariPool-1 - Start completed.
2026-08-14 11:06:59 [] INFO - HHH10001005: Database info:
	Database JDBC URL [jdbc:mysql://localhost:3306/students_db]
	Database driver: MySQL Connector/J
	Database dialect: MySQLDialect
	Database version: 9.7.1
	Default catalog/schema: students_db/undefined
	Autocommit mode: undefined/unknown
	Isolation level: REPEATABLE_READ [default REPEATABLE_READ]
	JDBC fetch size: none
	Pool: DataSourceConnectionProvider
	Minimum pool size: undefined/unknown
	Maximum pool size: undefined/unknown
2026-08-14 11:07:00 [] INFO - HHH000489: No JTA platform available (set 'hibernate.transaction.jta.platform' to enable JTA platform integration)
2026-08-14 11:07:00 [] INFO - Initialized JPA EntityManagerFactory for persistence unit 'default'
2026-08-14 11:07:00 [] INFO - Hibernate is in classpath; If applicable, HQL parser will be used.
2026-08-14 11:07:00 [] WARN - spring.jpa.open-in-view is enabled by default. Therefore, database queries may be performed during view rendering. Explicitly configure spring.jpa.open-in-view to disable this warning
2026-08-14 11:07:00 [] WARN - Can not find io.netty.resolver.dns.macos.MacOSDnsServerAddressStreamProvider in the classpath, fallback to system defaults. This may result in incorrect DNS resolutions on MacOS. Check whether you have a dependency on 'io.netty:netty-resolver-dns-native-macos'
2026-08-14 11:07:00 [] INFO - Starting ProtocolHandler ["http-nio-8080"]
2026-08-14 11:07:00 [] INFO - Tomcat started on port 8080 (http) with context path '/'
2026-08-14 11:07:00 [] INFO - Started StudentsApiCApplication in 3.669 seconds (process running for 4.109)
2026-08-14 11:07:46 [] INFO - Initializing Spring DispatcherServlet 'dispatcherServlet'
2026-08-14 11:07:46 [] INFO - Initializing Servlet 'dispatcherServlet'
2026-08-14 11:07:46 [] INFO - Completed initialization in 8 ms
2026-08-14 11:07:46 [B086358F] INFO - REQUEST {"dateTime":"2026-08-14T11:07:46.510729","method":"PUT","path":"/api/students/update/9"}
2026-08-14 11:07:46 [B086358F] INFO - Updating student: studentId=9
2026-08-14 11:07:46 [B086358F] INFO - Getting student: studentId=9
2026-08-14 11:07:46 [B086358F] INFO - Student not found in Redis, querying MySQL: studentId=9
2026-08-14 11:07:46 [B086358F] INFO - Student cached in Redis: studentId=9
2026-08-14 11:07:46 [B086358F] INFO - Updating password: studentId=9
2026-08-14 11:07:47 [B086358F] INFO - Redis cache updated: studentId=9
2026-08-14 11:07:47 [B086358F] INFO - Student updated successfully: studentId=9
2026-08-14 11:07:47 [B086358F] INFO - RESPONSE {"dateTime":"2026-08-14T11:07:47.035116","method":"PUT","path":"/api/students/update/9","status":200,"duration":"525ms","data":{"success":true,"message":"Student updated successfully","data":{"address":"Phnom Penh","createdAt":"2026-08-07T14:15:09.888329","email":"mama@gmail.com","gender":"famale","id":9,"name":"MAMA","phone":"012345678","studentCode":"STU-1786086909796","updatedAt":"2026-08-14T11:07:46.981235"}}}
2026-08-14 11:08:40 [C400067A] INFO - REQUEST {"dateTime":"2026-08-14T11:08:40.534921","method":"PUT","path":"/api/students/update/9"}
2026-08-14 11:08:40 [C400067A] INFO - Updating student: studentId=9
2026-08-14 11:08:40 [C400067A] INFO - Getting student: studentId=9
2026-08-14 11:08:40 [C400067A] INFO - Student found in Redis cache: studentId=9
2026-08-14 11:08:40 [C400067A] INFO - Updating password: studentId=9
2026-08-14 11:08:40 [C400067A] INFO - Redis cache updated: studentId=9
2026-08-14 11:08:40 [C400067A] INFO - Student updated successfully: studentId=9
2026-08-14 11:08:40 [C400067A] INFO - RESPONSE {"dateTime":"2026-08-14T11:08:40.682002","method":"PUT","path":"/api/students/update/9","status":200,"duration":"147ms","data":{"success":true,"message":"Student updated successfully","data":{"address":"Phnom Penh","createdAt":"2026-08-07T14:15:09.888329","email":"mama@gmail.com","gender":"famale","id":9,"name":"MAMA","phone":"012345678","studentCode":"STU-1786086909796","updatedAt":"2026-08-14T11:08:40.663832"}}}
2026-08-14 11:09:34 [] INFO - Commencing graceful shutdown. Waiting for active requests to complete
2026-08-14 11:09:34 [] INFO - Graceful shutdown complete
2026-08-14 11:09:34 [] INFO - Closing JPA EntityManagerFactory for persistence unit 'default'
2026-08-14 11:09:34 [] INFO - HikariPool-1 - Shutdown initiated...
2026-08-14 11:09:34 [] INFO - HikariPool-1 - Shutdown completed.
