2026-08-11 15:49:40 [SpringApplicationShutdownHook] INFO  o.s.boot.tomcat.GracefulShutdown - Commencing graceful shutdown. Waiting for active requests to complete
2026-08-11 15:49:40 [tomcat-shutdown] INFO  o.s.boot.tomcat.GracefulShutdown - Graceful shutdown complete
2026-08-11 15:49:40 [SpringApplicationShutdownHook] INFO  o.s.o.j.LocalContainerEntityManagerFactoryBean - Closing JPA EntityManagerFactory for persistence unit 'default'
2026-08-11 15:49:40 [SpringApplicationShutdownHook] INFO  com.zaxxer.hikari.HikariDataSource - HikariPool-1 - Shutdown initiated...
2026-08-11 15:49:40 [SpringApplicationShutdownHook] INFO  com.zaxxer.hikari.HikariDataSource - HikariPool-1 - Shutdown completed.
2026-08-11 15:49:42 [background-preinit] INFO  o.h.validator.internal.util.Version - HV000001: Hibernate Validator 9.1.0.Final
2026-08-11 15:49:42 [restartedMain] INFO  c.e.S.StudentsApiCApplication - Starting StudentsApiCApplication using Java 17.0.15 with PID 19493 (/Users/renthairath/Downloads/StudentsApiC/build/classes/java/main started by renthairath in /Users/renthairath/Downloads/StudentsApiC)
2026-08-11 15:49:42 [restartedMain] INFO  c.e.S.StudentsApiCApplication - No active profile set, falling back to 1 default profile: "default"
2026-08-11 15:49:42 [restartedMain] INFO  o.s.b.d.e.DevToolsPropertyDefaultsPostProcessor - Devtools property defaults active! Set 'spring.devtools.add-properties' to 'false' to disable
2026-08-11 15:49:42 [restartedMain] INFO  o.s.b.d.e.DevToolsPropertyDefaultsPostProcessor - For additional web related logging consider setting the 'logging.level.web' property to 'DEBUG'
2026-08-11 15:49:42 [restartedMain] INFO  o.s.d.r.c.RepositoryConfigurationDelegate - Bootstrapping Spring Data JPA repositories in DEFAULT mode.
2026-08-11 15:49:42 [restartedMain] INFO  o.s.d.r.c.RepositoryConfigurationDelegate - Finished Spring Data repository scanning in 23 ms. Found 1 JPA repository interface.
2026-08-11 15:49:42 [restartedMain] INFO  o.s.cloud.context.scope.GenericScope - BeanFactory id=735534e0-262f-3c0c-be48-b52b7d9dcf4d
2026-08-11 15:49:43 [restartedMain] INFO  o.s.boot.tomcat.TomcatWebServer - Tomcat initialized with port 8080 (http)
2026-08-11 15:49:43 [restartedMain] INFO  o.a.coyote.http11.Http11NioProtocol - Initializing ProtocolHandler ["http-nio-8080"]
2026-08-11 15:49:43 [restartedMain] INFO  o.a.catalina.core.StandardService - Starting service [Tomcat]
2026-08-11 15:49:43 [restartedMain] INFO  o.a.catalina.core.StandardEngine - Starting Servlet engine: [Apache Tomcat/11.0.22]
2026-08-11 15:49:43 [restartedMain] INFO  o.s.b.w.c.s.WebApplicationContextInitializer - Root WebApplicationContext: initialization completed in 850 ms
2026-08-11 15:49:43 [restartedMain] INFO  org.hibernate.orm.jpa - HHH008540: Processing PersistenceUnitInfo [name: default]
2026-08-11 15:49:43 [restartedMain] INFO  org.hibernate.orm.core - HHH000001: Hibernate ORM core version 7.4.1.Final
2026-08-11 15:49:43 [restartedMain] INFO  o.s.o.j.p.SpringPersistenceUnitInfo - No LoadTimeWeaver setup: ignoring JPA class transformer
2026-08-11 15:49:43 [restartedMain] INFO  com.zaxxer.hikari.HikariDataSource - HikariPool-1 - Starting...
2026-08-11 15:49:43 [restartedMain] INFO  com.zaxxer.hikari.pool.HikariPool - HikariPool-1 - Added connection com.mysql.cj.jdbc.ConnectionImpl@232c9108
2026-08-11 15:49:43 [restartedMain] INFO  com.zaxxer.hikari.HikariDataSource - HikariPool-1 - Start completed.
2026-08-11 15:49:43 [restartedMain] INFO  o.hibernate.orm.connections.pooling - HHH10001005: Database info:
	Database JDBC URL [jdbc:mysql://localhost:3306/students_db]
	Database driver: MySQL Connector/J
	Database dialect: MySQLDialect
	Database version: 9.7.1
	Default catalog/schema: students_db/undefined
	Autocommit mode: undefined/unknown
	Isolation level: REPEATABLE_READ [default REPEATABLE_READ]
	JDBC fetch size: none
	Pool: DataSourceConnectionProvider
	Minimum pool size: undefined/unknown
	Maximum pool size: undefined/unknown
2026-08-11 15:49:44 [restartedMain] INFO  org.hibernate.orm.core - HHH000489: No JTA platform available (set 'hibernate.transaction.jta.platform' to enable JTA platform integration)
2026-08-11 15:49:44 [restartedMain] INFO  o.s.o.j.LocalContainerEntityManagerFactoryBean - Initialized JPA EntityManagerFactory for persistence unit 'default'
2026-08-11 15:49:44 [restartedMain] INFO  o.s.d.j.r.q.QueryEnhancerFactories - Hibernate is in classpath; If applicable, HQL parser will be used.
2026-08-11 15:49:44 [restartedMain] WARN  o.s.b.j.a.JpaBaseConfiguration$JpaWebConfiguration - spring.jpa.open-in-view is enabled by default. Therefore, database queries may be performed during view rendering. Explicitly configure spring.jpa.open-in-view to disable this warning
2026-08-11 15:49:44 [restartedMain] INFO  o.a.coyote.http11.Http11NioProtocol - Starting ProtocolHandler ["http-nio-8080"]
2026-08-11 15:49:44 [restartedMain] INFO  o.s.boot.tomcat.TomcatWebServer - Tomcat started on port 8080 (http) with context path '/'
2026-08-11 15:49:44 [restartedMain] INFO  c.e.S.StudentsApiCApplication - Started StudentsApiCApplication in 2.971 seconds (process running for 3.339)
2026-08-11 15:49:52 [http-nio-8080-exec-2] INFO  o.a.c.c.C.[Tomcat].[localhost].[/] - Initializing Spring DispatcherServlet 'dispatcherServlet'
2026-08-11 15:49:52 [http-nio-8080-exec-2] INFO  o.s.web.servlet.DispatcherServlet - Initializing Servlet 'dispatcherServlet'
2026-08-11 15:49:52 [http-nio-8080-exec-2] INFO  o.s.web.servlet.DispatcherServlet - Completed initialization in 3 ms
2026-08-11 15:49:53 [http-nio-8080-exec-2] INFO  c.e.S.S.service.StudentService - Calling third-party API: userId=1
2026-08-11 15:49:53 [http-nio-8080-exec-2] INFO  c.e.S.S.service.StudentService - Third-party API response received: userId=1
2026-08-11 15:50:17 [http-nio-8080-exec-3] INFO  c.e.S.S.service.StudentService - Calling third-party API: userId=4
2026-08-11 15:50:17 [http-nio-8080-exec-3] INFO  c.e.S.S.service.StudentService - Third-party API response received: userId=4
2026-08-11 15:57:28 [http-nio-8080-exec-5] INFO  c.e.S.S.service.StudentService - 
{
  "event" : "LOGIN_REQUEST",
  "time" : "2026-08-11T15:57:28.357590",
  "email" : "makara@gmail.com"
}
2026-08-11 15:57:28 [http-nio-8080-exec-5] INFO  c.e.S.S.service.StudentService - 
{
  "success" : true,
  "event" : "LOGIN_RESPONSE",
  "Date_Time" : "2026-08-11T15:57:28.482891",
  "data" : {
    "email" : "makara@gmail.com",
    "studentCode" : "STU-1786093038396",
    "name" : "makara"
  }
}
2026-08-11 16:08:47 [SpringApplicationShutdownHook] INFO  o.s.boot.tomcat.GracefulShutdown - Commencing graceful shutdown. Waiting for active requests to complete
2026-08-11 16:08:47 [tomcat-shutdown] INFO  o.s.boot.tomcat.GracefulShutdown - Graceful shutdown complete
2026-08-11 16:08:47 [SpringApplicationShutdownHook] INFO  o.s.o.j.LocalContainerEntityManagerFactoryBean - Closing JPA EntityManagerFactory for persistence unit 'default'
2026-08-11 16:08:47 [SpringApplicationShutdownHook] INFO  com.zaxxer.hikari.HikariDataSource - HikariPool-1 - Shutdown initiated...
2026-08-11 16:08:47 [SpringApplicationShutdownHook] INFO  com.zaxxer.hikari.HikariDataSource - HikariPool-1 - Shutdown completed.
2026-08-11 16:08:50 [background-preinit] INFO  o.h.validator.internal.util.Version - HV000001: Hibernate Validator 9.1.0.Final
2026-08-11 16:08:50 [restartedMain] INFO  c.e.S.StudentsApiCApplication - Starting StudentsApiCApplication using Java 17.0.15 with PID 22980 (/Users/renthairath/Downloads/StudentsApiC/build/classes/java/main started by renthairath in /Users/renthairath/Downloads/StudentsApiC)
2026-08-11 16:08:50 [restartedMain] INFO  c.e.S.StudentsApiCApplication - No active profile set, falling back to 1 default profile: "default"
2026-08-11 16:08:50 [restartedMain] INFO  o.s.b.d.e.DevToolsPropertyDefaultsPostProcessor - Devtools property defaults active! Set 'spring.devtools.add-properties' to 'false' to disable
2026-08-11 16:08:50 [restartedMain] INFO  o.s.b.d.e.DevToolsPropertyDefaultsPostProcessor - For additional web related logging consider setting the 'logging.level.web' property to 'DEBUG'
2026-08-11 16:08:50 [restartedMain] INFO  o.s.d.r.c.RepositoryConfigurationDelegate - Bootstrapping Spring Data JPA repositories in DEFAULT mode.
2026-08-11 16:08:50 [restartedMain] INFO  o.s.d.r.c.RepositoryConfigurationDelegate - Finished Spring Data repository scanning in 23 ms. Found 1 JPA repository interface.
2026-08-11 16:08:50 [restartedMain] INFO  o.s.cloud.context.scope.GenericScope - BeanFactory id=735534e0-262f-3c0c-be48-b52b7d9dcf4d
2026-08-11 16:08:51 [restartedMain] INFO  o.s.boot.tomcat.TomcatWebServer - Tomcat initialized with port 8080 (http)
2026-08-11 16:08:51 [restartedMain] INFO  o.a.coyote.http11.Http11NioProtocol - Initializing ProtocolHandler ["http-nio-8080"]
2026-08-11 16:08:51 [restartedMain] INFO  o.a.catalina.core.StandardService - Starting service [Tomcat]
2026-08-11 16:08:51 [restartedMain] INFO  o.a.catalina.core.StandardEngine - Starting Servlet engine: [Apache Tomcat/11.0.22]
2026-08-11 16:08:51 [restartedMain] INFO  o.s.b.w.c.s.WebApplicationContextInitializer - Root WebApplicationContext: initialization completed in 873 ms
2026-08-11 16:08:51 [restartedMain] INFO  org.hibernate.orm.jpa - HHH008540: Processing PersistenceUnitInfo [name: default]
2026-08-11 16:08:51 [restartedMain] INFO  org.hibernate.orm.core - HHH000001: Hibernate ORM core version 7.4.1.Final
2026-08-11 16:08:51 [restartedMain] INFO  o.s.o.j.p.SpringPersistenceUnitInfo - No LoadTimeWeaver setup: ignoring JPA class transformer
2026-08-11 16:08:51 [restartedMain] INFO  com.zaxxer.hikari.HikariDataSource - HikariPool-1 - Starting...
2026-08-11 16:08:51 [restartedMain] INFO  com.zaxxer.hikari.pool.HikariPool - HikariPool-1 - Added connection com.mysql.cj.jdbc.ConnectionImpl@4316df5d
2026-08-11 16:08:51 [restartedMain] INFO  com.zaxxer.hikari.HikariDataSource - HikariPool-1 - Start completed.
2026-08-11 16:08:51 [restartedMain] INFO  o.hibernate.orm.connections.pooling - HHH10001005: Database info:
	Database JDBC URL [jdbc:mysql://localhost:3306/students_db]
	Database driver: MySQL Connector/J
	Database dialect: MySQLDialect
	Database version: 9.7.1
	Default catalog/schema: students_db/undefined
	Autocommit mode: undefined/unknown
	Isolation level: REPEATABLE_READ [default REPEATABLE_READ]
	JDBC fetch size: none
	Pool: DataSourceConnectionProvider
	Minimum pool size: undefined/unknown
	Maximum pool size: undefined/unknown
2026-08-11 16:08:52 [restartedMain] INFO  org.hibernate.orm.core - HHH000489: No JTA platform available (set 'hibernate.transaction.jta.platform' to enable JTA platform integration)
2026-08-11 16:08:52 [restartedMain] INFO  o.s.o.j.LocalContainerEntityManagerFactoryBean - Initialized JPA EntityManagerFactory for persistence unit 'default'
2026-08-11 16:08:52 [restartedMain] INFO  o.s.d.j.r.q.QueryEnhancerFactories - Hibernate is in classpath; If applicable, HQL parser will be used.
2026-08-11 16:08:52 [restartedMain] WARN  o.s.b.j.a.JpaBaseConfiguration$JpaWebConfiguration - spring.jpa.open-in-view is enabled by default. Therefore, database queries may be performed during view rendering. Explicitly configure spring.jpa.open-in-view to disable this warning
2026-08-11 16:08:52 [restartedMain] INFO  o.a.coyote.http11.Http11NioProtocol - Starting ProtocolHandler ["http-nio-8080"]
2026-08-11 16:08:52 [restartedMain] INFO  o.s.boot.tomcat.TomcatWebServer - Tomcat started on port 8080 (http) with context path '/'
2026-08-11 16:08:52 [restartedMain] INFO  c.e.S.StudentsApiCApplication - Started StudentsApiCApplication in 3.033 seconds (process running for 3.398)
2026-08-11 16:09:02 [http-nio-8080-exec-2] INFO  o.a.c.c.C.[Tomcat].[localhost].[/] - Initializing Spring DispatcherServlet 'dispatcherServlet'
2026-08-11 16:09:02 [http-nio-8080-exec-2] INFO  o.s.web.servlet.DispatcherServlet - Initializing Servlet 'dispatcherServlet'
2026-08-11 16:09:02 [http-nio-8080-exec-2] INFO  o.s.web.servlet.DispatcherServlet - Completed initialization in 17 ms
2026-08-11 16:09:03 [http-nio-8080-exec-2] INFO  c.e.S.S.service.StudentService - Calling third-party API: userId=5
2026-08-11 16:09:03 [http-nio-8080-exec-2] INFO  c.e.S.S.service.StudentService - Third-party API response received: userId=5
2026-08-11 16:12:43 [SpringApplicationShutdownHook] INFO  o.s.boot.tomcat.GracefulShutdown - Commencing graceful shutdown. Waiting for active requests to complete
2026-08-11 16:12:43 [tomcat-shutdown] INFO  o.s.boot.tomcat.GracefulShutdown - Graceful shutdown complete
2026-08-11 16:12:43 [SpringApplicationShutdownHook] INFO  o.s.o.j.LocalContainerEntityManagerFactoryBean - Closing JPA EntityManagerFactory for persistence unit 'default'
2026-08-11 16:12:43 [SpringApplicationShutdownHook] INFO  com.zaxxer.hikari.HikariDataSource - HikariPool-1 - Shutdown initiated...
2026-08-11 16:12:43 [SpringApplicationShutdownHook] INFO  com.zaxxer.hikari.HikariDataSource - HikariPool-1 - Shutdown completed.
2026-08-11 16:13:22 [background-preinit] INFO  o.h.validator.internal.util.Version - HV000001: Hibernate Validator 9.1.0.Final
2026-08-11 16:13:22 [restartedMain] INFO  c.e.S.StudentsApiCApplication - Starting StudentsApiCApplication using Java 17.0.15 with PID 23789 (/Users/renthairath/Downloads/StudentsApiC/build/classes/java/main started by renthairath in /Users/renthairath/Downloads/StudentsApiC)
2026-08-11 16:13:22 [restartedMain] INFO  c.e.S.StudentsApiCApplication - No active profile set, falling back to 1 default profile: "default"
2026-08-11 16:13:22 [restartedMain] INFO  o.s.b.d.e.DevToolsPropertyDefaultsPostProcessor - Devtools property defaults active! Set 'spring.devtools.add-properties' to 'false' to disable
2026-08-11 16:13:22 [restartedMain] INFO  o.s.b.d.e.DevToolsPropertyDefaultsPostProcessor - For additional web related logging consider setting the 'logging.level.web' property to 'DEBUG'
2026-08-11 16:13:23 [restartedMain] INFO  o.s.d.r.c.RepositoryConfigurationDelegate - Bootstrapping Spring Data JPA repositories in DEFAULT mode.
2026-08-11 16:13:23 [restartedMain] INFO  o.s.d.r.c.RepositoryConfigurationDelegate - Finished Spring Data repository scanning in 27 ms. Found 1 JPA repository interface.
2026-08-11 16:13:23 [restartedMain] INFO  o.s.cloud.context.scope.GenericScope - BeanFactory id=735534e0-262f-3c0c-be48-b52b7d9dcf4d
2026-08-11 16:13:23 [restartedMain] INFO  o.s.boot.tomcat.TomcatWebServer - Tomcat initialized with port 8080 (http)
2026-08-11 16:13:23 [restartedMain] INFO  o.a.coyote.http11.Http11NioProtocol - Initializing ProtocolHandler ["http-nio-8080"]
2026-08-11 16:13:23 [restartedMain] INFO  o.a.catalina.core.StandardService - Starting service [Tomcat]
2026-08-11 16:13:23 [restartedMain] INFO  o.a.catalina.core.StandardEngine - Starting Servlet engine: [Apache Tomcat/11.0.22]
2026-08-11 16:13:23 [restartedMain] INFO  o.s.b.w.c.s.WebApplicationContextInitializer - Root WebApplicationContext: initialization completed in 886 ms
2026-08-11 16:13:23 [restartedMain] INFO  org.hibernate.orm.jpa - HHH008540: Processing PersistenceUnitInfo [name: default]
2026-08-11 16:13:23 [restartedMain] INFO  org.hibernate.orm.core - HHH000001: Hibernate ORM core version 7.4.1.Final
2026-08-11 16:13:23 [restartedMain] INFO  o.s.o.j.p.SpringPersistenceUnitInfo - No LoadTimeWeaver setup: ignoring JPA class transformer
2026-08-11 16:13:23 [restartedMain] INFO  com.zaxxer.hikari.HikariDataSource - HikariPool-1 - Starting...
2026-08-11 16:13:24 [restartedMain] INFO  com.zaxxer.hikari.pool.HikariPool - HikariPool-1 - Added connection com.mysql.cj.jdbc.ConnectionImpl@36e50e2f
2026-08-11 16:13:24 [restartedMain] INFO  com.zaxxer.hikari.HikariDataSource - HikariPool-1 - Start completed.
2026-08-11 16:13:24 [restartedMain] INFO  o.hibernate.orm.connections.pooling - HHH10001005: Database info:
	Database JDBC URL [jdbc:mysql://localhost:3306/students_db]
	Database driver: MySQL Connector/J
	Database dialect: MySQLDialect
	Database version: 9.7.1
	Default catalog/schema: students_db/undefined
	Autocommit mode: undefined/unknown
	Isolation level: REPEATABLE_READ [default REPEATABLE_READ]
	JDBC fetch size: none
	Pool: DataSourceConnectionProvider
	Minimum pool size: undefined/unknown
	Maximum pool size: undefined/unknown
2026-08-11 16:13:24 [restartedMain] INFO  org.hibernate.orm.core - HHH000489: No JTA platform available (set 'hibernate.transaction.jta.platform' to enable JTA platform integration)
2026-08-11 16:13:24 [restartedMain] INFO  o.s.o.j.LocalContainerEntityManagerFactoryBean - Initialized JPA EntityManagerFactory for persistence unit 'default'
2026-08-11 16:13:24 [restartedMain] INFO  o.s.d.j.r.q.QueryEnhancerFactories - Hibernate is in classpath; If applicable, HQL parser will be used.
2026-08-11 16:13:24 [restartedMain] WARN  o.s.b.j.a.JpaBaseConfiguration$JpaWebConfiguration - spring.jpa.open-in-view is enabled by default. Therefore, database queries may be performed during view rendering. Explicitly configure spring.jpa.open-in-view to disable this warning
2026-08-11 16:13:25 [restartedMain] INFO  o.a.coyote.http11.Http11NioProtocol - Starting ProtocolHandler ["http-nio-8080"]
2026-08-11 16:13:25 [restartedMain] INFO  o.s.boot.tomcat.TomcatWebServer - Tomcat started on port 8080 (http) with context path '/'
2026-08-11 16:13:25 [restartedMain] INFO  c.e.S.StudentsApiCApplication - Started StudentsApiCApplication in 3.087 seconds (process running for 3.524)
2026-08-11 16:13:44 [http-nio-8080-exec-2] INFO  o.a.c.c.C.[Tomcat].[localhost].[/] - Initializing Spring DispatcherServlet 'dispatcherServlet'
2026-08-11 16:13:44 [http-nio-8080-exec-2] INFO  o.s.web.servlet.DispatcherServlet - Initializing Servlet 'dispatcherServlet'
2026-08-11 16:13:44 [http-nio-8080-exec-2] INFO  o.s.web.servlet.DispatcherServlet - Completed initialization in 4 ms
2026-08-11 16:13:45 [http-nio-8080-exec-2] INFO  c.e.S.S.service.StudentService - Calling third-party API: userId=5
2026-08-11 16:13:45 [http-nio-8080-exec-2] INFO  c.e.S.S.service.StudentService - Third-party API response received: userId=5
2026-08-11 16:14:25 [SpringApplicationShutdownHook] INFO  o.s.boot.tomcat.GracefulShutdown - Commencing graceful shutdown. Waiting for active requests to complete
2026-08-11 16:14:25 [tomcat-shutdown] INFO  o.s.boot.tomcat.GracefulShutdown - Graceful shutdown complete
2026-08-11 16:14:25 [SpringApplicationShutdownHook] INFO  o.s.o.j.LocalContainerEntityManagerFactoryBean - Closing JPA EntityManagerFactory for persistence unit 'default'
2026-08-11 16:14:25 [SpringApplicationShutdownHook] INFO  com.zaxxer.hikari.HikariDataSource - HikariPool-1 - Shutdown initiated...
2026-08-11 16:14:25 [SpringApplicationShutdownHook] INFO  com.zaxxer.hikari.HikariDataSource - HikariPool-1 - Shutdown completed.
2026-08-11 16:14:26 [background-preinit] INFO  o.h.validator.internal.util.Version - HV000001: Hibernate Validator 9.1.0.Final
2026-08-11 16:14:26 [restartedMain] INFO  c.e.S.StudentsApiCApplication - Starting StudentsApiCApplication using Java 17.0.15 with PID 23977 (/Users/renthairath/Downloads/StudentsApiC/build/classes/java/main started by renthairath in /Users/renthairath/Downloads/StudentsApiC)
2026-08-11 16:14:26 [restartedMain] INFO  c.e.S.StudentsApiCApplication - No active profile set, falling back to 1 default profile: "default"
2026-08-11 16:14:26 [restartedMain] INFO  o.s.b.d.e.DevToolsPropertyDefaultsPostProcessor - Devtools property defaults active! Set 'spring.devtools.add-properties' to 'false' to disable
2026-08-11 16:14:26 [restartedMain] INFO  o.s.b.d.e.DevToolsPropertyDefaultsPostProcessor - For additional web related logging consider setting the 'logging.level.web' property to 'DEBUG'
2026-08-11 16:14:27 [restartedMain] INFO  o.s.d.r.c.RepositoryConfigurationDelegate - Bootstrapping Spring Data JPA repositories in DEFAULT mode.
2026-08-11 16:14:27 [restartedMain] INFO  o.s.d.r.c.RepositoryConfigurationDelegate - Finished Spring Data repository scanning in 23 ms. Found 1 JPA repository interface.
2026-08-11 16:14:27 [restartedMain] INFO  o.s.cloud.context.scope.GenericScope - BeanFactory id=735534e0-262f-3c0c-be48-b52b7d9dcf4d
2026-08-11 16:14:27 [restartedMain] INFO  o.s.boot.tomcat.TomcatWebServer - Tomcat initialized with port 8080 (http)
2026-08-11 16:14:27 [restartedMain] INFO  o.a.coyote.http11.Http11NioProtocol - Initializing ProtocolHandler ["http-nio-8080"]
2026-08-11 16:14:27 [restartedMain] INFO  o.a.catalina.core.StandardService - Starting service [Tomcat]
2026-08-11 16:14:27 [restartedMain] INFO  o.a.catalina.core.StandardEngine - Starting Servlet engine: [Apache Tomcat/11.0.22]
2026-08-11 16:14:27 [restartedMain] INFO  o.s.b.w.c.s.WebApplicationContextInitializer - Root WebApplicationContext: initialization completed in 871 ms
2026-08-11 16:14:27 [restartedMain] INFO  org.hibernate.orm.jpa - HHH008540: Processing PersistenceUnitInfo [name: default]
2026-08-11 16:14:27 [restartedMain] INFO  org.hibernate.orm.core - HHH000001: Hibernate ORM core version 7.4.1.Final
2026-08-11 16:14:27 [restartedMain] INFO  o.s.o.j.p.SpringPersistenceUnitInfo - No LoadTimeWeaver setup: ignoring JPA class transformer
2026-08-11 16:14:27 [restartedMain] INFO  com.zaxxer.hikari.HikariDataSource - HikariPool-1 - Starting...
2026-08-11 16:14:28 [restartedMain] INFO  com.zaxxer.hikari.pool.HikariPool - HikariPool-1 - Added connection com.mysql.cj.jdbc.ConnectionImpl@579bbde5
2026-08-11 16:14:28 [restartedMain] INFO  com.zaxxer.hikari.HikariDataSource - HikariPool-1 - Start completed.
2026-08-11 16:14:28 [restartedMain] INFO  o.hibernate.orm.connections.pooling - HHH10001005: Database info:
	Database JDBC URL [jdbc:mysql://localhost:3306/students_db]
	Database driver: MySQL Connector/J
	Database dialect: MySQLDialect
	Database version: 9.7.1
	Default catalog/schema: students_db/undefined
	Autocommit mode: undefined/unknown
	Isolation level: REPEATABLE_READ [default REPEATABLE_READ]
	JDBC fetch size: none
	Pool: DataSourceConnectionProvider
	Minimum pool size: undefined/unknown
	Maximum pool size: undefined/unknown
2026-08-11 16:14:28 [restartedMain] INFO  org.hibernate.orm.core - HHH000489: No JTA platform available (set 'hibernate.transaction.jta.platform' to enable JTA platform integration)
2026-08-11 16:14:28 [restartedMain] INFO  o.s.o.j.LocalContainerEntityManagerFactoryBean - Initialized JPA EntityManagerFactory for persistence unit 'default'
2026-08-11 16:14:28 [restartedMain] INFO  o.s.d.j.r.q.QueryEnhancerFactories - Hibernate is in classpath; If applicable, HQL parser will be used.
2026-08-11 16:14:28 [restartedMain] WARN  o.s.b.j.a.JpaBaseConfiguration$JpaWebConfiguration - spring.jpa.open-in-view is enabled by default. Therefore, database queries may be performed during view rendering. Explicitly configure spring.jpa.open-in-view to disable this warning
2026-08-11 16:14:29 [restartedMain] INFO  o.a.coyote.http11.Http11NioProtocol - Starting ProtocolHandler ["http-nio-8080"]
2026-08-11 16:14:29 [restartedMain] INFO  o.s.boot.tomcat.TomcatWebServer - Tomcat started on port 8080 (http) with context path '/'
2026-08-11 16:14:29 [restartedMain] INFO  c.e.S.StudentsApiCApplication - Started StudentsApiCApplication in 2.951 seconds (process running for 3.318)
2026-08-11 16:14:53 [http-nio-8080-exec-2] INFO  o.a.c.c.C.[Tomcat].[localhost].[/] - Initializing Spring DispatcherServlet 'dispatcherServlet'
2026-08-11 16:14:53 [http-nio-8080-exec-2] INFO  o.s.web.servlet.DispatcherServlet - Initializing Servlet 'dispatcherServlet'
2026-08-11 16:14:53 [http-nio-8080-exec-2] INFO  o.s.web.servlet.DispatcherServlet - Completed initialization in 1 ms
2026-08-11 16:14:53 [http-nio-8080-exec-2] INFO  c.e.S.S.service.StudentService - Calling third-party API: userId=7
2026-08-11 16:14:53 [http-nio-8080-exec-2] INFO  c.e.S.S.service.StudentService - Third-party API response received: userId=7
2026-08-11 16:15:40 [SpringApplicationShutdownHook] INFO  o.s.boot.tomcat.GracefulShutdown - Commencing graceful shutdown. Waiting for active requests to complete
2026-08-11 16:15:40 [tomcat-shutdown] INFO  o.s.boot.tomcat.GracefulShutdown - Graceful shutdown complete
2026-08-11 16:15:40 [SpringApplicationShutdownHook] INFO  o.s.o.j.LocalContainerEntityManagerFactoryBean - Closing JPA EntityManagerFactory for persistence unit 'default'
2026-08-11 16:15:40 [SpringApplicationShutdownHook] INFO  com.zaxxer.hikari.HikariDataSource - HikariPool-1 - Shutdown initiated...
2026-08-11 16:15:40 [SpringApplicationShutdownHook] INFO  com.zaxxer.hikari.HikariDataSource - HikariPool-1 - Shutdown completed.
2026-08-11 16:15:41 [background-preinit] INFO  o.h.validator.internal.util.Version - HV000001: Hibernate Validator 9.1.0.Final
2026-08-11 16:15:41 [restartedMain] INFO  c.e.S.StudentsApiCApplication - Starting StudentsApiCApplication using Java 17.0.15 with PID 24214 (/Users/renthairath/Downloads/StudentsApiC/build/classes/java/main started by renthairath in /Users/renthairath/Downloads/StudentsApiC)
2026-08-11 16:15:41 [restartedMain] INFO  c.e.S.StudentsApiCApplication - No active profile set, falling back to 1 default profile: "default"
2026-08-11 16:15:41 [restartedMain] INFO  o.s.b.d.e.DevToolsPropertyDefaultsPostProcessor - Devtools property defaults active! Set 'spring.devtools.add-properties' to 'false' to disable
2026-08-11 16:15:41 [restartedMain] INFO  o.s.b.d.e.DevToolsPropertyDefaultsPostProcessor - For additional web related logging consider setting the 'logging.level.web' property to 'DEBUG'
2026-08-11 16:15:42 [restartedMain] INFO  o.s.d.r.c.RepositoryConfigurationDelegate - Bootstrapping Spring Data JPA repositories in DEFAULT mode.
2026-08-11 16:15:42 [restartedMain] INFO  o.s.d.r.c.RepositoryConfigurationDelegate - Finished Spring Data repository scanning in 25 ms. Found 1 JPA repository interface.
2026-08-11 16:15:42 [restartedMain] INFO  o.s.cloud.context.scope.GenericScope - BeanFactory id=735534e0-262f-3c0c-be48-b52b7d9dcf4d
2026-08-11 16:15:42 [restartedMain] INFO  o.s.boot.tomcat.TomcatWebServer - Tomcat initialized with port 8080 (http)
2026-08-11 16:15:42 [restartedMain] INFO  o.a.coyote.http11.Http11NioProtocol - Initializing ProtocolHandler ["http-nio-8080"]
2026-08-11 16:15:42 [restartedMain] INFO  o.a.catalina.core.StandardService - Starting service [Tomcat]
2026-08-11 16:15:42 [restartedMain] INFO  o.a.catalina.core.StandardEngine - Starting Servlet engine: [Apache Tomcat/11.0.22]
2026-08-11 16:15:42 [restartedMain] INFO  o.s.b.w.c.s.WebApplicationContextInitializer - Root WebApplicationContext: initialization completed in 927 ms
2026-08-11 16:15:42 [restartedMain] INFO  org.hibernate.orm.jpa - HHH008540: Processing PersistenceUnitInfo [name: default]
2026-08-11 16:15:42 [restartedMain] INFO  org.hibernate.orm.core - HHH000001: Hibernate ORM core version 7.4.1.Final
2026-08-11 16:15:43 [restartedMain] INFO  o.s.o.j.p.SpringPersistenceUnitInfo - No LoadTimeWeaver setup: ignoring JPA class transformer
2026-08-11 16:15:43 [restartedMain] INFO  com.zaxxer.hikari.HikariDataSource - HikariPool-1 - Starting...
2026-08-11 16:15:43 [restartedMain] INFO  com.zaxxer.hikari.pool.HikariPool - HikariPool-1 - Added connection com.mysql.cj.jdbc.ConnectionImpl@7c8b74f6
2026-08-11 16:15:43 [restartedMain] INFO  com.zaxxer.hikari.HikariDataSource - HikariPool-1 - Start completed.
2026-08-11 16:15:43 [restartedMain] INFO  o.hibernate.orm.connections.pooling - HHH10001005: Database info:
	Database JDBC URL [jdbc:mysql://localhost:3306/students_db]
	Database driver: MySQL Connector/J
	Database dialect: MySQLDialect
	Database version: 9.7.1
	Default catalog/schema: students_db/undefined
	Autocommit mode: undefined/unknown
	Isolation level: REPEATABLE_READ [default REPEATABLE_READ]
	JDBC fetch size: none
	Pool: DataSourceConnectionProvider
	Minimum pool size: undefined/unknown
	Maximum pool size: undefined/unknown
2026-08-11 16:15:43 [restartedMain] INFO  org.hibernate.orm.core - HHH000489: No JTA platform available (set 'hibernate.transaction.jta.platform' to enable JTA platform integration)
2026-08-11 16:15:43 [restartedMain] INFO  o.s.o.j.LocalContainerEntityManagerFactoryBean - Initialized JPA EntityManagerFactory for persistence unit 'default'
2026-08-11 16:15:43 [restartedMain] INFO  o.s.d.j.r.q.QueryEnhancerFactories - Hibernate is in classpath; If applicable, HQL parser will be used.
2026-08-11 16:15:44 [restartedMain] WARN  o.s.b.j.a.JpaBaseConfiguration$JpaWebConfiguration - spring.jpa.open-in-view is enabled by default. Therefore, database queries may be performed during view rendering. Explicitly configure spring.jpa.open-in-view to disable this warning
2026-08-11 16:15:44 [restartedMain] INFO  o.a.coyote.http11.Http11NioProtocol - Starting ProtocolHandler ["http-nio-8080"]
2026-08-11 16:15:44 [restartedMain] INFO  o.s.boot.tomcat.TomcatWebServer - Tomcat started on port 8080 (http) with context path '/'
2026-08-11 16:15:44 [restartedMain] INFO  c.e.S.StudentsApiCApplication - Started StudentsApiCApplication in 3.094 seconds (process running for 3.458)
2026-08-11 16:15:45 [http-nio-8080-exec-1] INFO  o.a.c.c.C.[Tomcat].[localhost].[/] - Initializing Spring DispatcherServlet 'dispatcherServlet'
2026-08-11 16:15:45 [http-nio-8080-exec-1] INFO  o.s.web.servlet.DispatcherServlet - Initializing Servlet 'dispatcherServlet'
2026-08-11 16:15:45 [http-nio-8080-exec-1] INFO  o.s.web.servlet.DispatcherServlet - Completed initialization in 1 ms
2026-08-11 16:15:46 [http-nio-8080-exec-1] INFO  c.e.S.S.service.StudentService - Calling third-party API: userId=7
2026-08-11 16:15:46 [http-nio-8080-exec-1] INFO  c.e.S.S.service.StudentService - Third-party API response received: userId=7
2026-08-11 16:16:13 [SpringApplicationShutdownHook] INFO  o.s.boot.tomcat.GracefulShutdown - Commencing graceful shutdown. Waiting for active requests to complete
2026-08-11 16:16:13 [tomcat-shutdown] INFO  o.s.boot.tomcat.GracefulShutdown - Graceful shutdown complete
2026-08-11 16:16:13 [SpringApplicationShutdownHook] INFO  o.s.o.j.LocalContainerEntityManagerFactoryBean - Closing JPA EntityManagerFactory for persistence unit 'default'
2026-08-11 16:16:13 [SpringApplicationShutdownHook] INFO  com.zaxxer.hikari.HikariDataSource - HikariPool-1 - Shutdown initiated...
2026-08-11 16:16:13 [SpringApplicationShutdownHook] INFO  com.zaxxer.hikari.HikariDataSource - HikariPool-1 - Shutdown completed.
2026-08-11 16:16:26 [background-preinit] INFO  o.h.validator.internal.util.Version - HV000001: Hibernate Validator 9.1.0.Final
2026-08-11 16:16:26 [restartedMain] INFO  c.e.S.StudentsApiCApplication - Starting StudentsApiCApplication using Java 17.0.15 with PID 24366 (/Users/renthairath/Downloads/StudentsApiC/build/classes/java/main started by renthairath in /Users/renthairath/Downloads/StudentsApiC)
2026-08-11 16:16:26 [restartedMain] INFO  c.e.S.StudentsApiCApplication - No active profile set, falling back to 1 default profile: "default"
2026-08-11 16:16:26 [restartedMain] INFO  o.s.b.d.e.DevToolsPropertyDefaultsPostProcessor - Devtools property defaults active! Set 'spring.devtools.add-properties' to 'false' to disable
2026-08-11 16:16:26 [restartedMain] INFO  o.s.b.d.e.DevToolsPropertyDefaultsPostProcessor - For additional web related logging consider setting the 'logging.level.web' property to 'DEBUG'
2026-08-11 16:16:27 [restartedMain] INFO  o.s.d.r.c.RepositoryConfigurationDelegate - Bootstrapping Spring Data JPA repositories in DEFAULT mode.
2026-08-11 16:16:27 [restartedMain] INFO  o.s.d.r.c.RepositoryConfigurationDelegate - Finished Spring Data repository scanning in 22 ms. Found 1 JPA repository interface.
2026-08-11 16:16:27 [restartedMain] INFO  o.s.cloud.context.scope.GenericScope - BeanFactory id=735534e0-262f-3c0c-be48-b52b7d9dcf4d
2026-08-11 16:16:27 [restartedMain] INFO  o.s.boot.tomcat.TomcatWebServer - Tomcat initialized with port 8080 (http)
2026-08-11 16:16:27 [restartedMain] INFO  o.a.coyote.http11.Http11NioProtocol - Initializing ProtocolHandler ["http-nio-8080"]
2026-08-11 16:16:27 [restartedMain] INFO  o.a.catalina.core.StandardService - Starting service [Tomcat]
2026-08-11 16:16:27 [restartedMain] INFO  o.a.catalina.core.StandardEngine - Starting Servlet engine: [Apache Tomcat/11.0.22]
2026-08-11 16:16:27 [restartedMain] INFO  o.s.b.w.c.s.WebApplicationContextInitializer - Root WebApplicationContext: initialization completed in 870 ms
2026-08-11 16:16:27 [restartedMain] INFO  org.hibernate.orm.jpa - HHH008540: Processing PersistenceUnitInfo [name: default]
2026-08-11 16:16:27 [restartedMain] INFO  org.hibernate.orm.core - HHH000001: Hibernate ORM core version 7.4.1.Final
2026-08-11 16:16:27 [restartedMain] INFO  o.s.o.j.p.SpringPersistenceUnitInfo - No LoadTimeWeaver setup: ignoring JPA class transformer
2026-08-11 16:16:27 [restartedMain] INFO  com.zaxxer.hikari.HikariDataSource - HikariPool-1 - Starting...
2026-08-11 16:16:28 [restartedMain] INFO  com.zaxxer.hikari.pool.HikariPool - HikariPool-1 - Added connection com.mysql.cj.jdbc.ConnectionImpl@7960b031
2026-08-11 16:16:28 [restartedMain] INFO  com.zaxxer.hikari.HikariDataSource - HikariPool-1 - Start completed.
2026-08-11 16:16:28 [restartedMain] INFO  o.hibernate.orm.connections.pooling - HHH10001005: Database info:
	Database JDBC URL [jdbc:mysql://localhost:3306/students_db]
	Database driver: MySQL Connector/J
	Database dialect: MySQLDialect
	Database version: 9.7.1
	Default catalog/schema: students_db/undefined
	Autocommit mode: undefined/unknown
	Isolation level: REPEATABLE_READ [default REPEATABLE_READ]
	JDBC fetch size: none
	Pool: DataSourceConnectionProvider
	Minimum pool size: undefined/unknown
	Maximum pool size: undefined/unknown
2026-08-11 16:16:28 [restartedMain] INFO  org.hibernate.orm.core - HHH000489: No JTA platform available (set 'hibernate.transaction.jta.platform' to enable JTA platform integration)
2026-08-11 16:16:28 [restartedMain] INFO  o.s.o.j.LocalContainerEntityManagerFactoryBean - Initialized JPA EntityManagerFactory for persistence unit 'default'
2026-08-11 16:16:28 [restartedMain] INFO  o.s.d.j.r.q.QueryEnhancerFactories - Hibernate is in classpath; If applicable, HQL parser will be used.
2026-08-11 16:16:29 [restartedMain] WARN  o.s.b.j.a.JpaBaseConfiguration$JpaWebConfiguration - spring.jpa.open-in-view is enabled by default. Therefore, database queries may be performed during view rendering. Explicitly configure spring.jpa.open-in-view to disable this warning
2026-08-11 16:16:29 [restartedMain] INFO  o.a.coyote.http11.Http11NioProtocol - Starting ProtocolHandler ["http-nio-8080"]
2026-08-11 16:16:29 [restartedMain] INFO  o.s.boot.tomcat.TomcatWebServer - Tomcat started on port 8080 (http) with context path '/'
2026-08-11 16:16:29 [restartedMain] INFO  c.e.S.StudentsApiCApplication - Started StudentsApiCApplication in 3.12 seconds (process running for 3.493)
2026-08-11 16:16:35 [http-nio-8080-exec-1] INFO  o.a.c.c.C.[Tomcat].[localhost].[/] - Initializing Spring DispatcherServlet 'dispatcherServlet'
2026-08-11 16:16:35 [http-nio-8080-exec-1] INFO  o.s.web.servlet.DispatcherServlet - Initializing Servlet 'dispatcherServlet'
2026-08-11 16:16:35 [http-nio-8080-exec-1] INFO  o.s.web.servlet.DispatcherServlet - Completed initialization in 1 ms
2026-08-11 16:16:36 [http-nio-8080-exec-1] INFO  c.e.S.S.service.StudentService - Calling third-party API: userId=7
2026-08-11 16:16:36 [http-nio-8080-exec-1] INFO  c.e.S.S.service.StudentService - Third-party API response received: userId=7
2026-08-11 16:16:57 [http-nio-8080-exec-3] WARN  o.s.w.s.m.m.a.ExceptionHandlerExceptionResolver - Resolved [org.springframework.web.method.annotation.MethodArgumentTypeMismatchException: Method parameter 'userId': Failed to convert value of type 'java.lang.String' to required type 'java.lang.Integer'; For input string: "7e"]
2026-08-11 16:17:33 [SpringApplicationShutdownHook] INFO  o.s.boot.tomcat.GracefulShutdown - Commencing graceful shutdown. Waiting for active requests to complete
2026-08-11 16:17:33 [tomcat-shutdown] INFO  o.s.boot.tomcat.GracefulShutdown - Graceful shutdown complete
2026-08-11 16:17:33 [SpringApplicationShutdownHook] INFO  o.s.o.j.LocalContainerEntityManagerFactoryBean - Closing JPA EntityManagerFactory for persistence unit 'default'
2026-08-11 16:17:33 [SpringApplicationShutdownHook] INFO  com.zaxxer.hikari.HikariDataSource - HikariPool-1 - Shutdown initiated...
2026-08-11 16:17:33 [SpringApplicationShutdownHook] INFO  com.zaxxer.hikari.HikariDataSource - HikariPool-1 - Shutdown completed.
2026-08-11 16:17:34 [background-preinit] INFO  o.h.validator.internal.util.Version - HV000001: Hibernate Validator 9.1.0.Final
2026-08-11 16:17:34 [restartedMain] INFO  c.e.S.StudentsApiCApplication - Starting StudentsApiCApplication using Java 17.0.15 with PID 24568 (/Users/renthairath/Downloads/StudentsApiC/build/classes/java/main started by renthairath in /Users/renthairath/Downloads/StudentsApiC)
2026-08-11 16:17:34 [restartedMain] INFO  c.e.S.StudentsApiCApplication - No active profile set, falling back to 1 default profile: "default"
2026-08-11 16:17:34 [restartedMain] INFO  o.s.b.d.e.DevToolsPropertyDefaultsPostProcessor - Devtools property defaults active! Set 'spring.devtools.add-properties' to 'false' to disable
2026-08-11 16:17:34 [restartedMain] INFO  o.s.b.d.e.DevToolsPropertyDefaultsPostProcessor - For additional web related logging consider setting the 'logging.level.web' property to 'DEBUG'
2026-08-11 16:17:35 [restartedMain] INFO  o.s.d.r.c.RepositoryConfigurationDelegate - Bootstrapping Spring Data JPA repositories in DEFAULT mode.
2026-08-11 16:17:35 [restartedMain] INFO  o.s.d.r.c.RepositoryConfigurationDelegate - Finished Spring Data repository scanning in 26 ms. Found 1 JPA repository interface.
2026-08-11 16:17:35 [restartedMain] INFO  o.s.cloud.context.scope.GenericScope - BeanFactory id=735534e0-262f-3c0c-be48-b52b7d9dcf4d
2026-08-11 16:17:35 [restartedMain] INFO  o.s.boot.tomcat.TomcatWebServer - Tomcat initialized with port 8080 (http)
2026-08-11 16:17:35 [restartedMain] INFO  o.a.coyote.http11.Http11NioProtocol - Initializing ProtocolHandler ["http-nio-8080"]
2026-08-11 16:17:35 [restartedMain] INFO  o.a.catalina.core.StandardService - Starting service [Tomcat]
2026-08-11 16:17:35 [restartedMain] INFO  o.a.catalina.core.StandardEngine - Starting Servlet engine: [Apache Tomcat/11.0.22]
2026-08-11 16:17:35 [restartedMain] INFO  o.s.b.w.c.s.WebApplicationContextInitializer - Root WebApplicationContext: initialization completed in 849 ms
2026-08-11 16:17:35 [restartedMain] INFO  org.hibernate.orm.jpa - HHH008540: Processing PersistenceUnitInfo [name: default]
2026-08-11 16:17:35 [restartedMain] INFO  org.hibernate.orm.core - HHH000001: Hibernate ORM core version 7.4.1.Final
2026-08-11 16:17:35 [restartedMain] INFO  o.s.o.j.p.SpringPersistenceUnitInfo - No LoadTimeWeaver setup: ignoring JPA class transformer
2026-08-11 16:17:35 [restartedMain] INFO  com.zaxxer.hikari.HikariDataSource - HikariPool-1 - Starting...
2026-08-11 16:17:36 [restartedMain] INFO  com.zaxxer.hikari.pool.HikariPool - HikariPool-1 - Added connection com.mysql.cj.jdbc.ConnectionImpl@1b0a6fe6
2026-08-11 16:17:36 [restartedMain] INFO  com.zaxxer.hikari.HikariDataSource - HikariPool-1 - Start completed.
2026-08-11 16:17:36 [restartedMain] INFO  o.hibernate.orm.connections.pooling - HHH10001005: Database info:
	Database JDBC URL [jdbc:mysql://localhost:3306/students_db]
	Database driver: MySQL Connector/J
	Database dialect: MySQLDialect
	Database version: 9.7.1
	Default catalog/schema: students_db/undefined
	Autocommit mode: undefined/unknown
	Isolation level: REPEATABLE_READ [default REPEATABLE_READ]
	JDBC fetch size: none
	Pool: DataSourceConnectionProvider
	Minimum pool size: undefined/unknown
	Maximum pool size: undefined/unknown
2026-08-11 16:17:36 [restartedMain] INFO  org.hibernate.orm.core - HHH000489: No JTA platform available (set 'hibernate.transaction.jta.platform' to enable JTA platform integration)
2026-08-11 16:17:36 [restartedMain] INFO  o.s.o.j.LocalContainerEntityManagerFactoryBean - Initialized JPA EntityManagerFactory for persistence unit 'default'
2026-08-11 16:17:36 [restartedMain] INFO  o.s.d.j.r.q.QueryEnhancerFactories - Hibernate is in classpath; If applicable, HQL parser will be used.
2026-08-11 16:17:36 [restartedMain] WARN  o.s.b.j.a.JpaBaseConfiguration$JpaWebConfiguration - spring.jpa.open-in-view is enabled by default. Therefore, database queries may be performed during view rendering. Explicitly configure spring.jpa.open-in-view to disable this warning
2026-08-11 16:17:37 [restartedMain] INFO  o.a.coyote.http11.Http11NioProtocol - Starting ProtocolHandler ["http-nio-8080"]
2026-08-11 16:17:37 [restartedMain] INFO  o.s.boot.tomcat.TomcatWebServer - Tomcat started on port 8080 (http) with context path '/'
2026-08-11 16:17:37 [restartedMain] INFO  c.e.S.StudentsApiCApplication - Started StudentsApiCApplication in 2.926 seconds (process running for 3.331)
2026-08-11 16:17:44 [http-nio-8080-exec-2] INFO  o.a.c.c.C.[Tomcat].[localhost].[/] - Initializing Spring DispatcherServlet 'dispatcherServlet'
2026-08-11 16:17:44 [http-nio-8080-exec-2] INFO  o.s.web.servlet.DispatcherServlet - Initializing Servlet 'dispatcherServlet'
2026-08-11 16:17:44 [http-nio-8080-exec-2] INFO  o.s.web.servlet.DispatcherServlet - Completed initialization in 1 ms
2026-08-11 16:17:47 [http-nio-8080-exec-2] INFO  c.e.S.S.service.StudentService - Calling third-party API: userId=2
2026-08-11 16:17:48 [http-nio-8080-exec-2] INFO  c.e.S.S.service.StudentService - Third-party API response received: userId=2
2026-08-11 16:21:30 [SpringApplicationShutdownHook] INFO  o.s.boot.tomcat.GracefulShutdown - Commencing graceful shutdown. Waiting for active requests to complete
2026-08-11 16:21:30 [tomcat-shutdown] INFO  o.s.boot.tomcat.GracefulShutdown - Graceful shutdown complete
2026-08-11 16:21:30 [SpringApplicationShutdownHook] INFO  o.s.o.j.LocalContainerEntityManagerFactoryBean - Closing JPA EntityManagerFactory for persistence unit 'default'
2026-08-11 16:21:30 [SpringApplicationShutdownHook] INFO  com.zaxxer.hikari.HikariDataSource - HikariPool-1 - Shutdown initiated...
2026-08-11 16:21:30 [SpringApplicationShutdownHook] INFO  com.zaxxer.hikari.HikariDataSource - HikariPool-1 - Shutdown completed.
2026-08-11 16:21:31 [background-preinit] INFO  o.h.validator.internal.util.Version - HV000001: Hibernate Validator 9.1.0.Final
2026-08-11 16:21:31 [restartedMain] INFO  c.e.S.StudentsApiCApplication - Starting StudentsApiCApplication using Java 17.0.15 with PID 25313 (/Users/renthairath/Downloads/StudentsApiC/build/classes/java/main started by renthairath in /Users/renthairath/Downloads/StudentsApiC)
2026-08-11 16:21:31 [restartedMain] INFO  c.e.S.StudentsApiCApplication - No active profile set, falling back to 1 default profile: "default"
2026-08-11 16:21:31 [restartedMain] INFO  o.s.b.d.e.DevToolsPropertyDefaultsPostProcessor - Devtools property defaults active! Set 'spring.devtools.add-properties' to 'false' to disable
2026-08-11 16:21:31 [restartedMain] INFO  o.s.b.d.e.DevToolsPropertyDefaultsPostProcessor - For additional web related logging consider setting the 'logging.level.web' property to 'DEBUG'
2026-08-11 16:21:32 [restartedMain] INFO  o.s.d.r.c.RepositoryConfigurationDelegate - Bootstrapping Spring Data JPA repositories in DEFAULT mode.
2026-08-11 16:21:32 [restartedMain] INFO  o.s.d.r.c.RepositoryConfigurationDelegate - Finished Spring Data repository scanning in 21 ms. Found 1 JPA repository interface.
2026-08-11 16:21:32 [restartedMain] INFO  o.s.cloud.context.scope.GenericScope - BeanFactory id=735534e0-262f-3c0c-be48-b52b7d9dcf4d
2026-08-11 16:21:32 [restartedMain] INFO  o.s.boot.tomcat.TomcatWebServer - Tomcat initialized with port 8080 (http)
2026-08-11 16:21:32 [restartedMain] INFO  o.a.coyote.http11.Http11NioProtocol - Initializing ProtocolHandler ["http-nio-8080"]
2026-08-11 16:21:32 [restartedMain] INFO  o.a.catalina.core.StandardService - Starting service [Tomcat]
2026-08-11 16:21:32 [restartedMain] INFO  o.a.catalina.core.StandardEngine - Starting Servlet engine: [Apache Tomcat/11.0.22]
2026-08-11 16:21:32 [restartedMain] INFO  o.s.b.w.c.s.WebApplicationContextInitializer - Root WebApplicationContext: initialization completed in 808 ms
2026-08-11 16:21:32 [restartedMain] INFO  org.hibernate.orm.jpa - HHH008540: Processing PersistenceUnitInfo [name: default]
2026-08-11 16:21:32 [restartedMain] INFO  org.hibernate.orm.core - HHH000001: Hibernate ORM core version 7.4.1.Final
2026-08-11 16:21:32 [restartedMain] INFO  o.s.o.j.p.SpringPersistenceUnitInfo - No LoadTimeWeaver setup: ignoring JPA class transformer
2026-08-11 16:21:32 [restartedMain] INFO  com.zaxxer.hikari.HikariDataSource - HikariPool-1 - Starting...
2026-08-11 16:21:33 [restartedMain] INFO  com.zaxxer.hikari.pool.HikariPool - HikariPool-1 - Added connection com.mysql.cj.jdbc.ConnectionImpl@57fe66ca
2026-08-11 16:21:33 [restartedMain] INFO  com.zaxxer.hikari.HikariDataSource - HikariPool-1 - Start completed.
2026-08-11 16:21:33 [restartedMain] INFO  o.hibernate.orm.connections.pooling - HHH10001005: Database info:
	Database JDBC URL [jdbc:mysql://localhost:3306/students_db]
	Database driver: MySQL Connector/J
	Database dialect: MySQLDialect
	Database version: 9.7.1
	Default catalog/schema: students_db/undefined
	Autocommit mode: undefined/unknown
	Isolation level: REPEATABLE_READ [default REPEATABLE_READ]
	JDBC fetch size: none
	Pool: DataSourceConnectionProvider
	Minimum pool size: undefined/unknown
	Maximum pool size: undefined/unknown
2026-08-11 16:21:33 [restartedMain] INFO  org.hibernate.orm.core - HHH000489: No JTA platform available (set 'hibernate.transaction.jta.platform' to enable JTA platform integration)
2026-08-11 16:21:33 [restartedMain] INFO  o.s.o.j.LocalContainerEntityManagerFactoryBean - Initialized JPA EntityManagerFactory for persistence unit 'default'
2026-08-11 16:21:33 [restartedMain] INFO  o.s.d.j.r.q.QueryEnhancerFactories - Hibernate is in classpath; If applicable, HQL parser will be used.
2026-08-11 16:21:34 [restartedMain] WARN  o.s.b.j.a.JpaBaseConfiguration$JpaWebConfiguration - spring.jpa.open-in-view is enabled by default. Therefore, database queries may be performed during view rendering. Explicitly configure spring.jpa.open-in-view to disable this warning
2026-08-11 16:21:34 [restartedMain] INFO  o.a.coyote.http11.Http11NioProtocol - Starting ProtocolHandler ["http-nio-8080"]
2026-08-11 16:21:34 [restartedMain] INFO  o.s.boot.tomcat.TomcatWebServer - Tomcat started on port 8080 (http) with context path '/'
2026-08-11 16:21:34 [restartedMain] INFO  c.e.S.StudentsApiCApplication - Started StudentsApiCApplication in 2.894 seconds (process running for 3.266)
2026-08-11 16:21:43 [http-nio-8080-exec-1] INFO  o.a.c.c.C.[Tomcat].[localhost].[/] - Initializing Spring DispatcherServlet 'dispatcherServlet'
2026-08-11 16:21:43 [http-nio-8080-exec-1] INFO  o.s.web.servlet.DispatcherServlet - Initializing Servlet 'dispatcherServlet'
2026-08-11 16:21:43 [http-nio-8080-exec-1] INFO  o.s.web.servlet.DispatcherServlet - Completed initialization in 2 ms
2026-08-11 16:21:43 [http-nio-8080-exec-1] INFO  c.e.S.S.service.StudentService - Calling third-party API: userId=1
2026-08-11 16:21:43 [http-nio-8080-exec-1] INFO  c.e.S.S.service.StudentService - Third-party API response received: userId=1
2026-08-11 16:26:41 [SpringApplicationShutdownHook] INFO  o.s.boot.tomcat.GracefulShutdown - Commencing graceful shutdown. Waiting for active requests to complete
2026-08-11 16:26:41 [tomcat-shutdown] INFO  o.s.boot.tomcat.GracefulShutdown - Graceful shutdown complete
2026-08-11 16:26:41 [SpringApplicationShutdownHook] INFO  o.s.o.j.LocalContainerEntityManagerFactoryBean - Closing JPA EntityManagerFactory for persistence unit 'default'
2026-08-11 16:26:41 [SpringApplicationShutdownHook] INFO  com.zaxxer.hikari.HikariDataSource - HikariPool-1 - Shutdown initiated...
2026-08-11 16:26:41 [SpringApplicationShutdownHook] INFO  com.zaxxer.hikari.HikariDataSource - HikariPool-1 - Shutdown completed.
2026-08-11 16:26:43 [] INFO  o.h.validator.internal.util.Version - HV000001: Hibernate Validator 9.1.0.Final
2026-08-11 16:26:43 [] INFO  c.e.S.StudentsApiCApplication - Starting StudentsApiCApplication using Java 17.0.15 with PID 26215 (/Users/renthairath/Downloads/StudentsApiC/build/classes/java/main started by renthairath in /Users/renthairath/Downloads/StudentsApiC)
2026-08-11 16:26:43 [] INFO  c.e.S.StudentsApiCApplication - No active profile set, falling back to 1 default profile: "default"
2026-08-11 16:26:43 [] INFO  o.s.b.d.e.DevToolsPropertyDefaultsPostProcessor - Devtools property defaults active! Set 'spring.devtools.add-properties' to 'false' to disable
2026-08-11 16:26:43 [] INFO  o.s.b.d.e.DevToolsPropertyDefaultsPostProcessor - For additional web related logging consider setting the 'logging.level.web' property to 'DEBUG'
2026-08-11 16:26:43 [] INFO  o.s.d.r.c.RepositoryConfigurationDelegate - Bootstrapping Spring Data JPA repositories in DEFAULT mode.
2026-08-11 16:26:43 [] INFO  o.s.d.r.c.RepositoryConfigurationDelegate - Finished Spring Data repository scanning in 28 ms. Found 1 JPA repository interface.
2026-08-11 16:26:43 [] INFO  o.s.cloud.context.scope.GenericScope - BeanFactory id=735534e0-262f-3c0c-be48-b52b7d9dcf4d
2026-08-11 16:26:44 [] INFO  o.s.boot.tomcat.TomcatWebServer - Tomcat initialized with port 8080 (http)
2026-08-11 16:26:44 [] INFO  o.a.coyote.http11.Http11NioProtocol - Initializing ProtocolHandler ["http-nio-8080"]
2026-08-11 16:26:44 [] INFO  o.a.catalina.core.StandardService - Starting service [Tomcat]
2026-08-11 16:26:44 [] INFO  o.a.catalina.core.StandardEngine - Starting Servlet engine: [Apache Tomcat/11.0.22]
2026-08-11 16:26:44 [] INFO  o.s.b.w.c.s.WebApplicationContextInitializer - Root WebApplicationContext: initialization completed in 877 ms
2026-08-11 16:26:44 [] INFO  org.hibernate.orm.jpa - HHH008540: Processing PersistenceUnitInfo [name: default]
2026-08-11 16:26:44 [] INFO  org.hibernate.orm.core - HHH000001: Hibernate ORM core version 7.4.1.Final
2026-08-11 16:26:44 [] INFO  o.s.o.j.p.SpringPersistenceUnitInfo - No LoadTimeWeaver setup: ignoring JPA class transformer
2026-08-11 16:26:44 [] INFO  com.zaxxer.hikari.HikariDataSource - HikariPool-1 - Starting...
2026-08-11 16:26:44 [] INFO  com.zaxxer.hikari.pool.HikariPool - HikariPool-1 - Added connection com.mysql.cj.jdbc.ConnectionImpl@f31b8db
2026-08-11 16:26:44 [] INFO  com.zaxxer.hikari.HikariDataSource - HikariPool-1 - Start completed.
2026-08-11 16:26:44 [] INFO  o.hibernate.orm.connections.pooling - HHH10001005: Database info:
	Database JDBC URL [jdbc:mysql://localhost:3306/students_db]
	Database driver: MySQL Connector/J
	Database dialect: MySQLDialect
	Database version: 9.7.1
	Default catalog/schema: students_db/undefined
	Autocommit mode: undefined/unknown
	Isolation level: REPEATABLE_READ [default REPEATABLE_READ]
	JDBC fetch size: none
	Pool: DataSourceConnectionProvider
	Minimum pool size: undefined/unknown
	Maximum pool size: undefined/unknown
2026-08-11 16:26:45 [] INFO  org.hibernate.orm.core - HHH000489: No JTA platform available (set 'hibernate.transaction.jta.platform' to enable JTA platform integration)
2026-08-11 16:26:45 [] INFO  o.s.o.j.LocalContainerEntityManagerFactoryBean - Initialized JPA EntityManagerFactory for persistence unit 'default'
2026-08-11 16:26:45 [] INFO  o.s.d.j.r.q.QueryEnhancerFactories - Hibernate is in classpath; If applicable, HQL parser will be used.
2026-08-11 16:26:45 [] WARN  o.s.b.j.a.JpaBaseConfiguration$JpaWebConfiguration - spring.jpa.open-in-view is enabled by default. Therefore, database queries may be performed during view rendering. Explicitly configure spring.jpa.open-in-view to disable this warning
2026-08-11 16:26:45 [] INFO  o.a.coyote.http11.Http11NioProtocol - Starting ProtocolHandler ["http-nio-8080"]
2026-08-11 16:26:45 [] INFO  o.s.boot.tomcat.TomcatWebServer - Tomcat started on port 8080 (http) with context path '/'
2026-08-11 16:26:45 [] INFO  c.e.S.StudentsApiCApplication - Started StudentsApiCApplication in 3.03 seconds (process running for 3.389)
2026-08-11 16:27:02 [] INFO  o.a.c.c.C.[Tomcat].[localhost].[/] - Initializing Spring DispatcherServlet 'dispatcherServlet'
2026-08-11 16:27:02 [] INFO  o.s.web.servlet.DispatcherServlet - Initializing Servlet 'dispatcherServlet'
2026-08-11 16:27:02 [] INFO  o.s.web.servlet.DispatcherServlet - Completed initialization in 1 ms
2026-08-11 16:27:03 [] INFO  c.e.S.S.service.StudentService - Calling third-party API: userId=1
2026-08-11 16:27:03 [] INFO  c.e.S.S.service.StudentService - Third-party API response received: userId=1
2026-08-11 16:29:13 [] INFO  o.s.boot.tomcat.GracefulShutdown - Commencing graceful shutdown. Waiting for active requests to complete
2026-08-11 16:29:13 [] INFO  o.s.boot.tomcat.GracefulShutdown - Graceful shutdown complete
2026-08-11 16:29:13 [] INFO  o.s.o.j.LocalContainerEntityManagerFactoryBean - Closing JPA EntityManagerFactory for persistence unit 'default'
2026-08-11 16:29:13 [] INFO  com.zaxxer.hikari.HikariDataSource - HikariPool-1 - Shutdown initiated...
2026-08-11 16:29:13 [] INFO  com.zaxxer.hikari.HikariDataSource - HikariPool-1 - Shutdown completed.
2026-08-11 16:29:15 [] INFO  o.h.validator.internal.util.Version - HV000001: Hibernate Validator 9.1.0.Final
2026-08-11 16:29:15 [] INFO  c.e.S.StudentsApiCApplication - Starting StudentsApiCApplication using Java 17.0.15 with PID 26671 (/Users/renthairath/Downloads/StudentsApiC/build/classes/java/main started by renthairath in /Users/renthairath/Downloads/StudentsApiC)
2026-08-11 16:29:15 [] INFO  c.e.S.StudentsApiCApplication - No active profile set, falling back to 1 default profile: "default"
2026-08-11 16:29:15 [] INFO  o.s.b.d.e.DevToolsPropertyDefaultsPostProcessor - Devtools property defaults active! Set 'spring.devtools.add-properties' to 'false' to disable
2026-08-11 16:29:15 [] INFO  o.s.b.d.e.DevToolsPropertyDefaultsPostProcessor - For additional web related logging consider setting the 'logging.level.web' property to 'DEBUG'
2026-08-11 16:29:15 [] INFO  o.s.d.r.c.RepositoryConfigurationDelegate - Bootstrapping Spring Data JPA repositories in DEFAULT mode.
2026-08-11 16:29:15 [] INFO  o.s.d.r.c.RepositoryConfigurationDelegate - Finished Spring Data repository scanning in 25 ms. Found 1 JPA repository interface.
2026-08-11 16:29:15 [] INFO  o.s.cloud.context.scope.GenericScope - BeanFactory id=735534e0-262f-3c0c-be48-b52b7d9dcf4d
2026-08-11 16:29:16 [] INFO  o.s.boot.tomcat.TomcatWebServer - Tomcat initialized with port 8080 (http)
2026-08-11 16:29:16 [] INFO  o.a.coyote.http11.Http11NioProtocol - Initializing ProtocolHandler ["http-nio-8080"]
2026-08-11 16:29:16 [] INFO  o.a.catalina.core.StandardService - Starting service [Tomcat]
2026-08-11 16:29:16 [] INFO  o.a.catalina.core.StandardEngine - Starting Servlet engine: [Apache Tomcat/11.0.22]
2026-08-11 16:29:16 [] INFO  o.s.b.w.c.s.WebApplicationContextInitializer - Root WebApplicationContext: initialization completed in 880 ms
2026-08-11 16:29:16 [] INFO  org.hibernate.orm.jpa - HHH008540: Processing PersistenceUnitInfo [name: default]
2026-08-11 16:29:16 [] INFO  org.hibernate.orm.core - HHH000001: Hibernate ORM core version 7.4.1.Final
2026-08-11 16:29:16 [] INFO  o.s.o.j.p.SpringPersistenceUnitInfo - No LoadTimeWeaver setup: ignoring JPA class transformer
2026-08-11 16:29:16 [] INFO  com.zaxxer.hikari.HikariDataSource - HikariPool-1 - Starting...
2026-08-11 16:29:16 [] INFO  com.zaxxer.hikari.pool.HikariPool - HikariPool-1 - Added connection com.mysql.cj.jdbc.ConnectionImpl@4bbc2cda
2026-08-11 16:29:16 [] INFO  com.zaxxer.hikari.HikariDataSource - HikariPool-1 - Start completed.
2026-08-11 16:29:16 [] INFO  o.hibernate.orm.connections.pooling - HHH10001005: Database info:
	Database JDBC URL [jdbc:mysql://localhost:3306/students_db]
	Database driver: MySQL Connector/J
	Database dialect: MySQLDialect
	Database version: 9.7.1
	Default catalog/schema: students_db/undefined
	Autocommit mode: undefined/unknown
	Isolation level: REPEATABLE_READ [default REPEATABLE_READ]
	JDBC fetch size: none
	Pool: DataSourceConnectionProvider
	Minimum pool size: undefined/unknown
	Maximum pool size: undefined/unknown
2026-08-11 16:29:17 [] INFO  org.hibernate.orm.core - HHH000489: No JTA platform available (set 'hibernate.transaction.jta.platform' to enable JTA platform integration)
2026-08-11 16:29:17 [] INFO  o.s.o.j.LocalContainerEntityManagerFactoryBean - Initialized JPA EntityManagerFactory for persistence unit 'default'
2026-08-11 16:29:17 [] INFO  o.s.d.j.r.q.QueryEnhancerFactories - Hibernate is in classpath; If applicable, HQL parser will be used.
2026-08-11 16:29:17 [] WARN  o.s.b.j.a.JpaBaseConfiguration$JpaWebConfiguration - spring.jpa.open-in-view is enabled by default. Therefore, database queries may be performed during view rendering. Explicitly configure spring.jpa.open-in-view to disable this warning
2026-08-11 16:29:17 [] INFO  o.a.coyote.http11.Http11NioProtocol - Starting ProtocolHandler ["http-nio-8080"]
2026-08-11 16:29:17 [] INFO  o.s.boot.tomcat.TomcatWebServer - Tomcat started on port 8080 (http) with context path '/'
2026-08-11 16:29:17 [] INFO  c.e.S.StudentsApiCApplication - Started StudentsApiCApplication in 3.1 seconds (process running for 3.458)
2026-08-11 16:29:20 [] INFO  o.a.c.c.C.[Tomcat].[localhost].[/] - Initializing Spring DispatcherServlet 'dispatcherServlet'
2026-08-11 16:29:20 [] INFO  o.s.web.servlet.DispatcherServlet - Initializing Servlet 'dispatcherServlet'
2026-08-11 16:29:20 [] INFO  o.s.web.servlet.DispatcherServlet - Completed initialization in 1 ms
2026-08-11 16:29:21 [] INFO  c.e.S.S.service.StudentService - Calling third-party API: userId=1
2026-08-11 16:29:21 [] INFO  c.e.S.S.service.StudentService - Third-party API response received: userId=1
2026-08-11 16:30:48 [] INFO  o.s.boot.tomcat.GracefulShutdown - Commencing graceful shutdown. Waiting for active requests to complete
2026-08-11 16:30:48 [] INFO  o.s.boot.tomcat.GracefulShutdown - Graceful shutdown complete
2026-08-11 16:30:48 [] INFO  o.s.o.j.LocalContainerEntityManagerFactoryBean - Closing JPA EntityManagerFactory for persistence unit 'default'
2026-08-11 16:30:48 [] INFO  com.zaxxer.hikari.HikariDataSource - HikariPool-1 - Shutdown initiated...
2026-08-11 16:30:48 [] INFO  com.zaxxer.hikari.HikariDataSource - HikariPool-1 - Shutdown completed.
2026-08-11 16:30:50 [] INFO  o.h.validator.internal.util.Version - HV000001: Hibernate Validator 9.1.0.Final
2026-08-11 16:30:50 [] INFO  c.e.S.StudentsApiCApplication - Starting StudentsApiCApplication using Java 17.0.15 with PID 26975 (/Users/renthairath/Downloads/StudentsApiC/build/classes/java/main started by renthairath in /Users/renthairath/Downloads/StudentsApiC)
2026-08-11 16:30:50 [] INFO  c.e.S.StudentsApiCApplication - No active profile set, falling back to 1 default profile: "default"
2026-08-11 16:30:50 [] INFO  o.s.b.d.e.DevToolsPropertyDefaultsPostProcessor - Devtools property defaults active! Set 'spring.devtools.add-properties' to 'false' to disable
2026-08-11 16:30:50 [] INFO  o.s.b.d.e.DevToolsPropertyDefaultsPostProcessor - For additional web related logging consider setting the 'logging.level.web' property to 'DEBUG'
2026-08-11 16:30:50 [] INFO  o.s.d.r.c.RepositoryConfigurationDelegate - Bootstrapping Spring Data JPA repositories in DEFAULT mode.
2026-08-11 16:30:50 [] INFO  o.s.d.r.c.RepositoryConfigurationDelegate - Finished Spring Data repository scanning in 28 ms. Found 1 JPA repository interface.
2026-08-11 16:30:50 [] INFO  o.s.cloud.context.scope.GenericScope - BeanFactory id=99ecf9fe-5d5c-3938-aeba-1bf97fdb75cd
2026-08-11 16:30:51 [] INFO  o.s.boot.tomcat.TomcatWebServer - Tomcat initialized with port 8080 (http)
2026-08-11 16:30:51 [] INFO  o.a.coyote.http11.Http11NioProtocol - Initializing ProtocolHandler ["http-nio-8080"]
2026-08-11 16:30:51 [] INFO  o.a.catalina.core.StandardService - Starting service [Tomcat]
2026-08-11 16:30:51 [] INFO  o.a.catalina.core.StandardEngine - Starting Servlet engine: [Apache Tomcat/11.0.22]
2026-08-11 16:30:51 [] INFO  o.s.b.w.c.s.WebApplicationContextInitializer - Root WebApplicationContext: initialization completed in 864 ms
2026-08-11 16:30:51 [] INFO  org.hibernate.orm.jpa - HHH008540: Processing PersistenceUnitInfo [name: default]
2026-08-11 16:30:51 [] INFO  org.hibernate.orm.core - HHH000001: Hibernate ORM core version 7.4.1.Final
2026-08-11 16:30:51 [] INFO  o.s.o.j.p.SpringPersistenceUnitInfo - No LoadTimeWeaver setup: ignoring JPA class transformer
2026-08-11 16:30:51 [] INFO  com.zaxxer.hikari.HikariDataSource - HikariPool-1 - Starting...
2026-08-11 16:30:51 [] INFO  com.zaxxer.hikari.pool.HikariPool - HikariPool-1 - Added connection com.mysql.cj.jdbc.ConnectionImpl@14b47178
2026-08-11 16:30:51 [] INFO  com.zaxxer.hikari.HikariDataSource - HikariPool-1 - Start completed.
2026-08-11 16:30:51 [] INFO  o.hibernate.orm.connections.pooling - HHH10001005: Database info:
	Database JDBC URL [jdbc:mysql://localhost:3306/students_db]
	Database driver: MySQL Connector/J
	Database dialect: MySQLDialect
	Database version: 9.7.1
	Default catalog/schema: students_db/undefined
	Autocommit mode: undefined/unknown
	Isolation level: REPEATABLE_READ [default REPEATABLE_READ]
	JDBC fetch size: none
	Pool: DataSourceConnectionProvider
	Minimum pool size: undefined/unknown
	Maximum pool size: undefined/unknown
2026-08-11 16:30:52 [] INFO  org.hibernate.orm.core - HHH000489: No JTA platform available (set 'hibernate.transaction.jta.platform' to enable JTA platform integration)
2026-08-11 16:30:52 [] INFO  o.s.o.j.LocalContainerEntityManagerFactoryBean - Initialized JPA EntityManagerFactory for persistence unit 'default'
2026-08-11 16:30:52 [] INFO  o.s.d.j.r.q.QueryEnhancerFactories - Hibernate is in classpath; If applicable, HQL parser will be used.
2026-08-11 16:30:52 [] WARN  o.s.b.j.a.JpaBaseConfiguration$JpaWebConfiguration - spring.jpa.open-in-view is enabled by default. Therefore, database queries may be performed during view rendering. Explicitly configure spring.jpa.open-in-view to disable this warning
2026-08-11 16:30:53 [] INFO  o.a.coyote.http11.Http11NioProtocol - Starting ProtocolHandler ["http-nio-8080"]
2026-08-11 16:30:53 [] INFO  o.s.boot.tomcat.TomcatWebServer - Tomcat started on port 8080 (http) with context path '/'
2026-08-11 16:30:53 [] INFO  c.e.S.StudentsApiCApplication - Started StudentsApiCApplication in 3.179 seconds (process running for 3.528)
2026-08-11 16:30:58 [] INFO  o.a.c.c.C.[Tomcat].[localhost].[/] - Initializing Spring DispatcherServlet 'dispatcherServlet'
2026-08-11 16:30:58 [] INFO  o.s.web.servlet.DispatcherServlet - Initializing Servlet 'dispatcherServlet'
2026-08-11 16:30:58 [] INFO  o.s.web.servlet.DispatcherServlet - Completed initialization in 1 ms
2026-08-11 16:30:58 [9055ECBE] INFO  c.e.S.S.service.StudentService - Calling third-party API: userId=8
2026-08-11 16:30:59 [9055ECBE] INFO  c.e.S.S.service.StudentService - Third-party API response received: userId=8
2026-08-11 16:32:03 [6B3D9933] INFO  c.e.S.S.service.StudentService - Calling third-party API: userId=8
2026-08-11 16:32:03 [6B3D9933] INFO  c.e.S.S.service.StudentService - Third-party API response received: userId=8
2026-08-11 16:34:08 [028A3984] WARN  o.s.w.s.m.m.a.ExceptionHandlerExceptionResolver - Resolved [org.springframework.web.method.annotation.MethodArgumentTypeMismatchException: Method parameter 'userId': Failed to convert value of type 'java.lang.String' to required type 'java.lang.Integer'; For input string: "8w"]
2026-08-11 16:36:19 [7D918AD3] INFO  c.e.S.S.service.StudentService - 
{
  "email" : "makara@gmail.com",
  "time" : "2026-08-11T16:36:19.965900",
  "event" : "LOGIN_REQUEST"
}
2026-08-11 16:36:20 [7D918AD3] INFO  c.e.S.S.service.StudentService - 
{
  "Date_Time" : "2026-08-11T16:36:20.102714",
  "event" : "LOGIN_RESPONSE",
  "success" : true,
  "data" : {
    "studentCode" : "STU-1786093038396",
    "email" : "makara@gmail.com",
    "name" : "makara"
  }
}
2026-08-11 16:42:15 [] INFO  o.s.boot.tomcat.GracefulShutdown - Commencing graceful shutdown. Waiting for active requests to complete
2026-08-11 16:42:15 [] INFO  o.s.boot.tomcat.GracefulShutdown - Graceful shutdown complete
2026-08-11 16:42:15 [] INFO  o.s.o.j.LocalContainerEntityManagerFactoryBean - Closing JPA EntityManagerFactory for persistence unit 'default'
2026-08-11 16:42:15 [] INFO  com.zaxxer.hikari.HikariDataSource - HikariPool-1 - Shutdown initiated...
2026-08-11 16:42:15 [] INFO  com.zaxxer.hikari.HikariDataSource - HikariPool-1 - Shutdown completed.
2026-08-11 16:42:16 [] INFO - HV000001: Hibernate Validator 9.1.0.Final
2026-08-11 16:42:16 [] INFO - Starting StudentsApiCApplication using Java 17.0.15 with PID 29059 (/Users/renthairath/Downloads/StudentsApiC/build/classes/java/main started by renthairath in /Users/renthairath/Downloads/StudentsApiC)
2026-08-11 16:42:16 [] INFO - No active profile set, falling back to 1 default profile: "default"
2026-08-11 16:42:16 [] INFO - Devtools property defaults active! Set 'spring.devtools.add-properties' to 'false' to disable
2026-08-11 16:42:16 [] INFO - For additional web related logging consider setting the 'logging.level.web' property to 'DEBUG'
2026-08-11 16:42:17 [] INFO - Bootstrapping Spring Data JPA repositories in DEFAULT mode.
2026-08-11 16:42:17 [] INFO - Finished Spring Data repository scanning in 26 ms. Found 1 JPA repository interface.
2026-08-11 16:42:17 [] INFO - BeanFactory id=99ecf9fe-5d5c-3938-aeba-1bf97fdb75cd
2026-08-11 16:42:17 [] INFO - Tomcat initialized with port 8080 (http)
2026-08-11 16:42:17 [] INFO - Initializing ProtocolHandler ["http-nio-8080"]
2026-08-11 16:42:17 [] INFO - Starting service [Tomcat]
2026-08-11 16:42:17 [] INFO - Starting Servlet engine: [Apache Tomcat/11.0.22]
2026-08-11 16:42:17 [] INFO - Root WebApplicationContext: initialization completed in 844 ms
2026-08-11 16:42:17 [] INFO - HHH008540: Processing PersistenceUnitInfo [name: default]
2026-08-11 16:42:17 [] INFO - HHH000001: Hibernate ORM core version 7.4.1.Final
2026-08-11 16:42:17 [] INFO - No LoadTimeWeaver setup: ignoring JPA class transformer
2026-08-11 16:42:17 [] INFO - HikariPool-1 - Starting...
2026-08-11 16:42:17 [] INFO - HikariPool-1 - Added connection com.mysql.cj.jdbc.ConnectionImpl@782d23f5
2026-08-11 16:42:17 [] INFO - HikariPool-1 - Start completed.
2026-08-11 16:42:18 [] INFO - HHH10001005: Database info:
	Database JDBC URL [jdbc:mysql://localhost:3306/students_db]
	Database driver: MySQL Connector/J
	Database dialect: MySQLDialect
	Database version: 9.7.1
	Default catalog/schema: students_db/undefined
	Autocommit mode: undefined/unknown
	Isolation level: REPEATABLE_READ [default REPEATABLE_READ]
	JDBC fetch size: none
	Pool: DataSourceConnectionProvider
	Minimum pool size: undefined/unknown
	Maximum pool size: undefined/unknown
2026-08-11 16:42:18 [] INFO - HHH000489: No JTA platform available (set 'hibernate.transaction.jta.platform' to enable JTA platform integration)
2026-08-11 16:42:18 [] INFO - Initialized JPA EntityManagerFactory for persistence unit 'default'
2026-08-11 16:42:18 [] INFO - Hibernate is in classpath; If applicable, HQL parser will be used.
2026-08-11 16:42:18 [] WARN - spring.jpa.open-in-view is enabled by default. Therefore, database queries may be performed during view rendering. Explicitly configure spring.jpa.open-in-view to disable this warning
2026-08-11 16:42:19 [] INFO - Starting ProtocolHandler ["http-nio-8080"]
2026-08-11 16:42:19 [] INFO - Tomcat started on port 8080 (http) with context path '/'
2026-08-11 16:42:19 [] INFO - Started StudentsApiCApplication in 2.955 seconds (process running for 3.333)
2026-08-11 16:42:43 [] INFO - Initializing Spring DispatcherServlet 'dispatcherServlet'
2026-08-11 16:42:43 [] INFO - Initializing Servlet 'dispatcherServlet'
2026-08-11 16:42:43 [] INFO - Completed initialization in 6 ms
2026-08-11 16:42:43 [FBCD6DCD] INFO - Calling third-party API: userId=8
2026-08-11 16:42:44 [FBCD6DCD] INFO - Third-party API response received: userId=8
2026-08-11 16:44:43 [62CD515D] INFO - 
{
  "email" : "makara@gmail.com",
  "event" : "LOGIN_REQUEST",
  "time" : "2026-08-11T16:44:43.876672"
}
2026-08-11 16:44:44 [62CD515D] WARN - 
{
  "reason" : "INVALID_PASSWORD",
  "email" : "makara@gmail.com",
  "event" : "LOGIN_FAILED",
  "Date_Time" : "2026-08-11T16:44:44.025272"
}
2026-08-11 16:44:44 [62CD515D] WARN - Resolved [java.lang.RuntimeException: Invalid email or password]
2026-08-11 16:50:16 [] WARN - HikariPool-1 - Thread starvation or clock leap detected (housekeeper delta=4m28s530ms).
2026-08-11 16:54:56 [] WARN - HikariPool-1 - Thread starvation or clock leap detected (housekeeper delta=4m39s932ms).
2026-08-11 17:11:21 [] WARN - HikariPool-1 - Thread starvation or clock leap detected (housekeeper delta=16m24s728ms).
2026-08-11 17:24:23 [] WARN - HikariPool-1 - Thread starvation or clock leap detected (housekeeper delta=13m2s481ms).
2026-08-11 18:46:33 [] WARN - HikariPool-1 - Thread starvation or clock leap detected (housekeeper delta=1h22m9s494ms).
2026-08-11 20:03:53 [] WARN - HikariPool-1 - Thread starvation or clock leap detected (housekeeper delta=1h17m20s672ms).
2026-08-11 20:34:34 [] WARN - HikariPool-1 - Thread starvation or clock leap detected (housekeeper delta=30m40s543ms).
2026-08-11 20:37:46 [] WARN - HikariPool-1 - Thread starvation or clock leap detected (housekeeper delta=3m11s480ms).
2026-08-11 20:57:48 [] WARN - HikariPool-1 - Thread starvation or clock leap detected (housekeeper delta=15m29s321ms).
2026-08-11 21:13:47 [] WARN - HikariPool-1 - Thread starvation or clock leap detected (housekeeper delta=15m29s445ms).
2026-08-11 21:29:47 [] WARN - HikariPool-1 - Thread starvation or clock leap detected (housekeeper delta=15m29s406ms).
2026-08-11 21:45:16 [] WARN - HikariPool-1 - Thread starvation or clock leap detected (housekeeper delta=15m29s500ms).
2026-08-11 22:01:45 [] WARN - HikariPool-1 - Thread starvation or clock leap detected (housekeeper delta=15m28s874ms).
2026-08-11 22:17:57 [] WARN - HikariPool-1 - Thread starvation or clock leap detected (housekeeper delta=15m41s471ms).
2026-08-11 22:34:16 [] WARN - HikariPool-1 - Thread starvation or clock leap detected (housekeeper delta=16m19s467ms).
2026-08-11 22:42:24 [] WARN - HikariPool-1 - Thread starvation or clock leap detected (housekeeper delta=7m38s183ms).
2026-08-11 22:59:29 [] WARN - HikariPool-1 - Thread starvation or clock leap detected (housekeeper delta=17m4s493ms).
2026-08-11 23:17:11 [] WARN - HikariPool-1 - Thread starvation or clock leap detected (housekeeper delta=17m12s402ms).
2026-08-11 23:34:07 [] WARN - HikariPool-1 - Thread starvation or clock leap detected (housekeeper delta=16m56s124ms).
2026-08-11 23:43:16 [] WARN - HikariPool-1 - Thread starvation or clock leap detected (housekeeper delta=8m8s332ms).
