2026-08-12 16:19:51 [] INFO - HV000001: Hibernate Validator 9.1.0.Final
2026-08-12 16:19:51 [] INFO - Starting StudentsApiCApplication using Java 17.0.15 with PID 65855 (/Users/renthairath/Downloads/StudentsApiC/build/classes/java/main started by renthairath in /Users/renthairath/Downloads/StudentsApiC)
2026-08-12 16:19:51 [] INFO - No active profile set, falling back to 1 default profile: "default"
2026-08-12 16:19:51 [] INFO - Devtools property defaults active! Set 'spring.devtools.add-properties' to 'false' to disable
2026-08-12 16:19:51 [] INFO - For additional web related logging consider setting the 'logging.level.web' property to 'DEBUG'
2026-08-12 16:19:51 [] INFO - Multiple Spring Data modules found, entering strict repository configuration mode
2026-08-12 16:19:51 [] INFO - Bootstrapping Spring Data JPA repositories in DEFAULT mode.
2026-08-12 16:19:51 [] INFO - Finished Spring Data repository scanning in 70 ms. Found 1 JPA repository interface.
2026-08-12 16:19:51 [] INFO - Multiple Spring Data modules found, entering strict repository configuration mode
2026-08-12 16:19:51 [] INFO - Bootstrapping Spring Data Redis repositories in DEFAULT mode.
2026-08-12 16:19:51 [] INFO - Spring Data Redis - Could not safely identify store assignment for repository candidate interface com.example.StudentsApiC.Students.repository.StudentRepository; If you want this repository to be a Redis repository, consider annotating your entities with one of these annotations: org.springframework.data.redis.core.RedisHash (preferred), or consider extending one of the following types with your repository: org.springframework.data.keyvalue.repository.KeyValueRepository
2026-08-12 16:19:51 [] INFO - Finished Spring Data repository scanning in 4 ms. Found 0 Redis repository interfaces.
2026-08-12 16:19:51 [] INFO - BeanFactory id=48ca0b53-89f2-3ab3-98e1-69c48add1f6b
2026-08-12 16:19:52 [] INFO - Tomcat initialized with port 8080 (http)
2026-08-12 16:19:52 [] INFO - Initializing ProtocolHandler ["http-nio-8080"]
2026-08-12 16:19:52 [] INFO - Starting service [Tomcat]
2026-08-12 16:19:52 [] INFO - Starting Servlet engine: [Apache Tomcat/11.0.22]
2026-08-12 16:19:52 [] INFO - Root WebApplicationContext: initialization completed in 986 ms
2026-08-12 16:19:52 [] INFO - HHH008540: Processing PersistenceUnitInfo [name: default]
2026-08-12 16:19:52 [] INFO - HHH000001: Hibernate ORM core version 7.4.1.Final
2026-08-12 16:19:52 [] INFO - No LoadTimeWeaver setup: ignoring JPA class transformer
2026-08-12 16:19:52 [] INFO - HikariPool-1 - Starting...
2026-08-12 16:19:52 [] INFO - HikariPool-1 - Added connection com.mysql.cj.jdbc.ConnectionImpl@52041ab7
2026-08-12 16:19:52 [] INFO - HikariPool-1 - Start completed.
2026-08-12 16:19:52 [] INFO - HHH10001005: Database info:
	Database JDBC URL [jdbc:mysql://localhost:3306/students_db]
	Database driver: MySQL Connector/J
	Database dialect: MySQLDialect
	Database version: 9.7.1
	Default catalog/schema: students_db/undefined
	Autocommit mode: undefined/unknown
	Isolation level: REPEATABLE_READ [default REPEATABLE_READ]
	JDBC fetch size: none
	Pool: DataSourceConnectionProvider
	Minimum pool size: undefined/unknown
	Maximum pool size: undefined/unknown
2026-08-12 16:19:53 [] INFO - HHH000489: No JTA platform available (set 'hibernate.transaction.jta.platform' to enable JTA platform integration)
2026-08-12 16:19:53 [] INFO - Initialized JPA EntityManagerFactory for persistence unit 'default'
2026-08-12 16:19:53 [] INFO - Hibernate is in classpath; If applicable, HQL parser will be used.
2026-08-12 16:19:53 [] WARN - spring.jpa.open-in-view is enabled by default. Therefore, database queries may be performed during view rendering. Explicitly configure spring.jpa.open-in-view to disable this warning
2026-08-12 16:19:53 [] WARN - Can not find io.netty.resolver.dns.macos.MacOSDnsServerAddressStreamProvider in the classpath, fallback to system defaults. This may result in incorrect DNS resolutions on MacOS. Check whether you have a dependency on 'io.netty:netty-resolver-dns-native-macos'
2026-08-12 16:19:54 [] INFO - Starting ProtocolHandler ["http-nio-8080"]
2026-08-12 16:19:54 [] INFO - Tomcat started on port 8080 (http) with context path '/'
2026-08-12 16:19:54 [] INFO - Started StudentsApiCApplication in 3.429 seconds (process running for 3.834)
2026-08-12 16:20:02 [] INFO - Initializing Spring DispatcherServlet 'dispatcherServlet'
2026-08-12 16:20:02 [] INFO - Initializing Servlet 'dispatcherServlet'
2026-08-12 16:20:02 [] INFO - Completed initialization in 9 ms
2026-08-12 16:20:02 [] ERROR- Servlet.service() for servlet [dispatcherServlet] in context with path [] threw exception
io.jsonwebtoken.ExpiredJwtException: JWT expired 8488795 milliseconds ago at 2026-08-12T06:58:34.000Z. Current time: 2026-08-12T09:20:02.795Z. Allowed clock skew: 0 milliseconds.
	at io.jsonwebtoken.impl.DefaultJwtParser.parse(DefaultJwtParser.java:682)
	at io.jsonwebtoken.impl.DefaultJwtParser.parse(DefaultJwtParser.java:362)
	at io.jsonwebtoken.impl.DefaultJwtParser.parse(DefaultJwtParser.java:94)
	at io.jsonwebtoken.impl.io.AbstractParser.parse(AbstractParser.java:36)
	at io.jsonwebtoken.impl.io.AbstractParser.parse(AbstractParser.java:29)
	at io.jsonwebtoken.impl.DefaultJwtParser.parseSignedClaims(DefaultJwtParser.java:821)
	at com.example.StudentsApiC.security.JwtService.extractClaim(JwtService.java:55)
	at com.example.StudentsApiC.security.JwtService.extractUsername(JwtService.java:41)
	at com.example.StudentsApiC.security.JwtAuthenticationFilter.doFilterInternal(JwtAuthenticationFilter.java:44)
	at org.springframework.web.filter.OncePerRequestFilter.doFilter(OncePerRequestFilter.java:116)
	at org.springframework.security.web.FilterChainProxy$VirtualFilterChain.doFilter(FilterChainProxy.java:385)
	at org.springframework.security.web.authentication.logout.LogoutFilter.doFilter(LogoutFilter.java:110)
	at org.springframework.security.web.authentication.logout.LogoutFilter.doFilter(LogoutFilter.java:96)
	at org.springframework.security.web.FilterChainProxy$VirtualFilterChain.doFilter(FilterChainProxy.java:385)
	at org.springframework.security.web.header.HeaderWriterFilter.doHeadersAfter(HeaderWriterFilter.java:90)
	at org.springframework.security.web.header.HeaderWriterFilter.doFilterInternal(HeaderWriterFilter.java:75)
	at org.springframework.web.filter.OncePerRequestFilter.doFilter(OncePerRequestFilter.java:116)
	at org.springframework.security.web.FilterChainProxy$VirtualFilterChain.doFilter(FilterChainProxy.java:385)
	at org.springframework.security.web.context.SecurityContextHolderFilter.doFilter(SecurityContextHolderFilter.java:82)
	at org.springframework.security.web.context.SecurityContextHolderFilter.doFilter(SecurityContextHolderFilter.java:69)
	at org.springframework.security.web.FilterChainProxy$VirtualFilterChain.doFilter(FilterChainProxy.java:385)
	at org.springframework.security.web.context.request.async.WebAsyncManagerIntegrationFilter.doFilterInternal(WebAsyncManagerIntegrationFilter.java:62)
	at org.springframework.web.filter.OncePerRequestFilter.doFilter(OncePerRequestFilter.java:116)
	at org.springframework.security.web.FilterChainProxy$VirtualFilterChain.doFilter(FilterChainProxy.java:385)
	at org.springframework.security.web.session.DisableEncodeUrlFilter.doFilterInternal(DisableEncodeUrlFilter.java:42)
	at org.springframework.web.filter.OncePerRequestFilter.doFilter(OncePerRequestFilter.java:116)
	at org.springframework.security.web.FilterChainProxy$VirtualFilterChain.doFilter(FilterChainProxy.java:385)
	at org.springframework.security.web.FilterChainProxy.doFilterInternal(FilterChainProxy.java:237)
	at org.springframework.security.web.FilterChainProxy.doFilter(FilterChainProxy.java:195)
	at org.springframework.web.filter.CompositeFilter$VirtualFilterChain.doFilter(CompositeFilter.java:113)
	at org.springframework.web.filter.ServletRequestPathFilter.doFilter(ServletRequestPathFilter.java:52)
	at org.springframework.web.filter.CompositeFilter$VirtualFilterChain.doFilter(CompositeFilter.java:113)
	at org.springframework.web.filter.CompositeFilter.doFilter(CompositeFilter.java:74)
	at org.springframework.security.config.annotation.web.configuration.WebSecurityConfiguration$CompositeFilterChainProxy.doFilter(WebSecurityConfiguration.java:317)
	at org.springframework.web.filter.DelegatingFilterProxy.invokeDelegate(DelegatingFilterProxy.java:355)
	at org.springframework.web.filter.DelegatingFilterProxy.doFilter(DelegatingFilterProxy.java:272)
	at org.apache.catalina.core.ApplicationFilterChain.doFilter(ApplicationFilterChain.java:107)
	at org.springframework.web.filter.RequestContextFilter.doFilterInternal(RequestContextFilter.java:100)
	at org.springframework.web.filter.OncePerRequestFilter.doFilter(OncePerRequestFilter.java:116)
	at org.apache.catalina.core.ApplicationFilterChain.doFilter(ApplicationFilterChain.java:107)
	at org.springframework.web.filter.FormContentFilter.doFilterInternal(FormContentFilter.java:93)
	at org.springframework.web.filter.OncePerRequestFilter.doFilter(OncePerRequestFilter.java:116)
	at org.apache.catalina.core.ApplicationFilterChain.doFilter(ApplicationFilterChain.java:107)
	at org.springframework.web.filter.CharacterEncodingFilter.doFilterInternal(CharacterEncodingFilter.java:199)
	at org.springframework.web.filter.OncePerRequestFilter.doFilter(OncePerRequestFilter.java:116)
	at org.apache.catalina.core.ApplicationFilterChain.doFilter(ApplicationFilterChain.java:107)
	at org.apache.catalina.core.StandardWrapperValve.invoke(StandardWrapperValve.java:165)
	at org.apache.catalina.core.StandardContextValve.invoke(StandardContextValve.java:77)
	at org.apache.catalina.authenticator.AuthenticatorBase.invoke(AuthenticatorBase.java:492)
	at org.apache.catalina.core.StandardHostValve.invoke(StandardHostValve.java:113)
	at org.apache.catalina.valves.ErrorReportValve.invoke(ErrorReportValve.java:83)
	at org.apache.catalina.core.StandardEngineValve.invoke(StandardEngineValve.java:72)
	at org.apache.catalina.connector.CoyoteAdapter.service(CoyoteAdapter.java:341)
	at org.apache.coyote.http11.Http11Processor.service(Http11Processor.java:397)
	at org.apache.coyote.AbstractProcessorLight.process(AbstractProcessorLight.java:63)
	at org.apache.coyote.AbstractProtocol$ConnectionHandler.process(AbstractProtocol.java:1272)
	at org.apache.tomcat.util.net.NioEndpoint$SocketProcessor.doRun(NioEndpoint.java:1801)
	at org.apache.tomcat.util.net.SocketProcessorBase.run(SocketProcessorBase.java:52)
	at org.apache.tomcat.util.threads.ThreadPoolExecutor.runWorker(ThreadPoolExecutor.java:946)
	at org.apache.tomcat.util.threads.ThreadPoolExecutor$Worker.run(ThreadPoolExecutor.java:480)
	at org.apache.tomcat.util.threads.TaskThread$WrappingRunnable.run(TaskThread.java:57)
	at java.base/java.lang.Thread.run(Thread.java:840)
2026-08-12 16:20:02 [] WARN - SECURITY {"method":"GET","url":"/error","status":401,"message":"Unauthorized: Please login first"}
2026-08-12 16:21:43 [] INFO - Commencing graceful shutdown. Waiting for active requests to complete
2026-08-12 16:21:43 [] INFO - Graceful shutdown complete
2026-08-12 16:21:43 [] INFO - Closing JPA EntityManagerFactory for persistence unit 'default'
2026-08-12 16:21:43 [] INFO - HikariPool-1 - Shutdown initiated...
2026-08-12 16:21:43 [] INFO - HikariPool-1 - Shutdown completed.
2026-08-12 16:21:45 [] INFO - HV000001: Hibernate Validator 9.1.0.Final
2026-08-12 16:21:45 [] INFO - Starting StudentsApiCApplication using Java 17.0.15 with PID 66200 (/Users/renthairath/Downloads/StudentsApiC/build/classes/java/main started by renthairath in /Users/renthairath/Downloads/StudentsApiC)
2026-08-12 16:21:45 [] INFO - No active profile set, falling back to 1 default profile: "default"
2026-08-12 16:21:45 [] INFO - Devtools property defaults active! Set 'spring.devtools.add-properties' to 'false' to disable
2026-08-12 16:21:45 [] INFO - For additional web related logging consider setting the 'logging.level.web' property to 'DEBUG'
2026-08-12 16:21:45 [] INFO - Multiple Spring Data modules found, entering strict repository configuration mode
2026-08-12 16:21:45 [] INFO - Bootstrapping Spring Data JPA repositories in DEFAULT mode.
2026-08-12 16:21:46 [] INFO - Finished Spring Data repository scanning in 72 ms. Found 1 JPA repository interface.
2026-08-12 16:21:46 [] INFO - Multiple Spring Data modules found, entering strict repository configuration mode
2026-08-12 16:21:46 [] INFO - Bootstrapping Spring Data Redis repositories in DEFAULT mode.
2026-08-12 16:21:46 [] INFO - Spring Data Redis - Could not safely identify store assignment for repository candidate interface com.example.StudentsApiC.Students.repository.StudentRepository; If you want this repository to be a Redis repository, consider annotating your entities with one of these annotations: org.springframework.data.redis.core.RedisHash (preferred), or consider extending one of the following types with your repository: org.springframework.data.keyvalue.repository.KeyValueRepository
2026-08-12 16:21:46 [] INFO - Finished Spring Data repository scanning in 4 ms. Found 0 Redis repository interfaces.
2026-08-12 16:21:46 [] INFO - BeanFactory id=48ca0b53-89f2-3ab3-98e1-69c48add1f6b
2026-08-12 16:21:46 [] INFO - Tomcat initialized with port 8080 (http)
2026-08-12 16:21:46 [] INFO - Initializing ProtocolHandler ["http-nio-8080"]
2026-08-12 16:21:46 [] INFO - Starting service [Tomcat]
2026-08-12 16:21:46 [] INFO - Starting Servlet engine: [Apache Tomcat/11.0.22]
2026-08-12 16:21:46 [] INFO - Root WebApplicationContext: initialization completed in 1045 ms
2026-08-12 16:21:46 [] INFO - HHH008540: Processing PersistenceUnitInfo [name: default]
2026-08-12 16:21:46 [] INFO - HHH000001: Hibernate ORM core version 7.4.1.Final
2026-08-12 16:21:47 [] INFO - No LoadTimeWeaver setup: ignoring JPA class transformer
2026-08-12 16:21:47 [] INFO - HikariPool-1 - Starting...
2026-08-12 16:21:47 [] INFO - HikariPool-1 - Added connection com.mysql.cj.jdbc.ConnectionImpl@465b5733
2026-08-12 16:21:47 [] INFO - HikariPool-1 - Start completed.
2026-08-12 16:21:47 [] INFO - HHH10001005: Database info:
	Database JDBC URL [jdbc:mysql://localhost:3306/students_db]
	Database driver: MySQL Connector/J
	Database dialect: MySQLDialect
	Database version: 9.7.1
	Default catalog/schema: students_db/undefined
	Autocommit mode: undefined/unknown
	Isolation level: REPEATABLE_READ [default REPEATABLE_READ]
	JDBC fetch size: none
	Pool: DataSourceConnectionProvider
	Minimum pool size: undefined/unknown
	Maximum pool size: undefined/unknown
2026-08-12 16:21:47 [] INFO - HHH000489: No JTA platform available (set 'hibernate.transaction.jta.platform' to enable JTA platform integration)
2026-08-12 16:21:48 [] INFO - Initialized JPA EntityManagerFactory for persistence unit 'default'
2026-08-12 16:21:48 [] INFO - Hibernate is in classpath; If applicable, HQL parser will be used.
2026-08-12 16:21:48 [] WARN - spring.jpa.open-in-view is enabled by default. Therefore, database queries may be performed during view rendering. Explicitly configure spring.jpa.open-in-view to disable this warning
2026-08-12 16:21:48 [] WARN - Can not find io.netty.resolver.dns.macos.MacOSDnsServerAddressStreamProvider in the classpath, fallback to system defaults. This may result in incorrect DNS resolutions on MacOS. Check whether you have a dependency on 'io.netty:netty-resolver-dns-native-macos'
2026-08-12 16:21:48 [] INFO - Starting ProtocolHandler ["http-nio-8080"]
2026-08-12 16:21:48 [] INFO - Tomcat started on port 8080 (http) with context path '/'
2026-08-12 16:21:48 [] INFO - Started StudentsApiCApplication in 3.852 seconds (process running for 4.234)
2026-08-12 16:21:51 [] INFO - Initializing Spring DispatcherServlet 'dispatcherServlet'
2026-08-12 16:21:51 [] INFO - Initializing Servlet 'dispatcherServlet'
2026-08-12 16:21:51 [] INFO - Completed initialization in 4 ms
2026-08-12 16:21:51 [] ERROR- Servlet.service() for servlet [dispatcherServlet] in context with path [] threw exception
io.jsonwebtoken.security.SignatureException: JWT signature does not match locally computed signature. JWT validity cannot be asserted and should not be trusted.
	at io.jsonwebtoken.impl.DefaultJwtParser.verifySignature(DefaultJwtParser.java:340)
	at io.jsonwebtoken.impl.DefaultJwtParser.parse(DefaultJwtParser.java:577)
	at io.jsonwebtoken.impl.DefaultJwtParser.parse(DefaultJwtParser.java:362)
	at io.jsonwebtoken.impl.DefaultJwtParser.parse(DefaultJwtParser.java:94)
	at io.jsonwebtoken.impl.io.AbstractParser.parse(AbstractParser.java:36)
	at io.jsonwebtoken.impl.io.AbstractParser.parse(AbstractParser.java:29)
	at io.jsonwebtoken.impl.DefaultJwtParser.parseSignedClaims(DefaultJwtParser.java:821)
	at com.example.StudentsApiC.security.JwtService.extractClaim(JwtService.java:55)
	at com.example.StudentsApiC.security.JwtService.extractUsername(JwtService.java:41)
	at com.example.StudentsApiC.security.JwtAuthenticationFilter.doFilterInternal(JwtAuthenticationFilter.java:44)
	at org.springframework.web.filter.OncePerRequestFilter.doFilter(OncePerRequestFilter.java:116)
	at org.springframework.security.web.FilterChainProxy$VirtualFilterChain.doFilter(FilterChainProxy.java:385)
	at org.springframework.security.web.authentication.logout.LogoutFilter.doFilter(LogoutFilter.java:110)
	at org.springframework.security.web.authentication.logout.LogoutFilter.doFilter(LogoutFilter.java:96)
	at org.springframework.security.web.FilterChainProxy$VirtualFilterChain.doFilter(FilterChainProxy.java:385)
	at org.springframework.security.web.header.HeaderWriterFilter.doHeadersAfter(HeaderWriterFilter.java:90)
	at org.springframework.security.web.header.HeaderWriterFilter.doFilterInternal(HeaderWriterFilter.java:75)
	at org.springframework.web.filter.OncePerRequestFilter.doFilter(OncePerRequestFilter.java:116)
	at org.springframework.security.web.FilterChainProxy$VirtualFilterChain.doFilter(FilterChainProxy.java:385)
	at org.springframework.security.web.context.SecurityContextHolderFilter.doFilter(SecurityContextHolderFilter.java:82)
	at org.springframework.security.web.context.SecurityContextHolderFilter.doFilter(SecurityContextHolderFilter.java:69)
	at org.springframework.security.web.FilterChainProxy$VirtualFilterChain.doFilter(FilterChainProxy.java:385)
	at org.springframework.security.web.context.request.async.WebAsyncManagerIntegrationFilter.doFilterInternal(WebAsyncManagerIntegrationFilter.java:62)
	at org.springframework.web.filter.OncePerRequestFilter.doFilter(OncePerRequestFilter.java:116)
	at org.springframework.security.web.FilterChainProxy$VirtualFilterChain.doFilter(FilterChainProxy.java:385)
	at org.springframework.security.web.session.DisableEncodeUrlFilter.doFilterInternal(DisableEncodeUrlFilter.java:42)
	at org.springframework.web.filter.OncePerRequestFilter.doFilter(OncePerRequestFilter.java:116)
	at org.springframework.security.web.FilterChainProxy$VirtualFilterChain.doFilter(FilterChainProxy.java:385)
	at org.springframework.security.web.FilterChainProxy.doFilterInternal(FilterChainProxy.java:237)
	at org.springframework.security.web.FilterChainProxy.doFilter(FilterChainProxy.java:195)
	at org.springframework.web.filter.CompositeFilter$VirtualFilterChain.doFilter(CompositeFilter.java:113)
	at org.springframework.web.filter.ServletRequestPathFilter.doFilter(ServletRequestPathFilter.java:52)
	at org.springframework.web.filter.CompositeFilter$VirtualFilterChain.doFilter(CompositeFilter.java:113)
	at org.springframework.web.filter.CompositeFilter.doFilter(CompositeFilter.java:74)
	at org.springframework.security.config.annotation.web.configuration.WebSecurityConfiguration$CompositeFilterChainProxy.doFilter(WebSecurityConfiguration.java:317)
	at org.springframework.web.filter.DelegatingFilterProxy.invokeDelegate(DelegatingFilterProxy.java:355)
	at org.springframework.web.filter.DelegatingFilterProxy.doFilter(DelegatingFilterProxy.java:272)
	at org.apache.catalina.core.ApplicationFilterChain.doFilter(ApplicationFilterChain.java:107)
	at org.springframework.web.filter.RequestContextFilter.doFilterInternal(RequestContextFilter.java:100)
	at org.springframework.web.filter.OncePerRequestFilter.doFilter(OncePerRequestFilter.java:116)
	at org.apache.catalina.core.ApplicationFilterChain.doFilter(ApplicationFilterChain.java:107)
	at org.springframework.web.filter.FormContentFilter.doFilterInternal(FormContentFilter.java:93)
	at org.springframework.web.filter.OncePerRequestFilter.doFilter(OncePerRequestFilter.java:116)
	at org.apache.catalina.core.ApplicationFilterChain.doFilter(ApplicationFilterChain.java:107)
	at org.springframework.web.filter.CharacterEncodingFilter.doFilterInternal(CharacterEncodingFilter.java:199)
	at org.springframework.web.filter.OncePerRequestFilter.doFilter(OncePerRequestFilter.java:116)
	at org.apache.catalina.core.ApplicationFilterChain.doFilter(ApplicationFilterChain.java:107)
	at org.apache.catalina.core.StandardWrapperValve.invoke(StandardWrapperValve.java:165)
	at org.apache.catalina.core.StandardContextValve.invoke(StandardContextValve.java:77)
	at org.apache.catalina.authenticator.AuthenticatorBase.invoke(AuthenticatorBase.java:492)
	at org.apache.catalina.core.StandardHostValve.invoke(StandardHostValve.java:113)
	at org.apache.catalina.valves.ErrorReportValve.invoke(ErrorReportValve.java:83)
	at org.apache.catalina.core.StandardEngineValve.invoke(StandardEngineValve.java:72)
	at org.apache.catalina.connector.CoyoteAdapter.service(CoyoteAdapter.java:341)
	at org.apache.coyote.http11.Http11Processor.service(Http11Processor.java:397)
	at org.apache.coyote.AbstractProcessorLight.process(AbstractProcessorLight.java:63)
	at org.apache.coyote.AbstractProtocol$ConnectionHandler.process(AbstractProtocol.java:1272)
	at org.apache.tomcat.util.net.NioEndpoint$SocketProcessor.doRun(NioEndpoint.java:1801)
	at org.apache.tomcat.util.net.SocketProcessorBase.run(SocketProcessorBase.java:52)
	at org.apache.tomcat.util.threads.ThreadPoolExecutor.runWorker(ThreadPoolExecutor.java:946)
	at org.apache.tomcat.util.threads.ThreadPoolExecutor$Worker.run(ThreadPoolExecutor.java:480)
	at org.apache.tomcat.util.threads.TaskThread$WrappingRunnable.run(TaskThread.java:57)
	at java.base/java.lang.Thread.run(Thread.java:840)
2026-08-12 16:21:51 [] WARN - SECURITY {"method":"GET","path":"/error","status":401,"message":"Unauthorized: Please login first"}
2026-08-12 16:23:17 [] INFO - Commencing graceful shutdown. Waiting for active requests to complete
2026-08-12 16:23:17 [] INFO - Graceful shutdown complete
2026-08-12 16:23:17 [] INFO - Closing JPA EntityManagerFactory for persistence unit 'default'
2026-08-12 16:23:17 [] INFO - HikariPool-1 - Shutdown initiated...
2026-08-12 16:23:17 [] INFO - HikariPool-1 - Shutdown completed.
2026-08-12 16:25:57 [] INFO - HV000001: Hibernate Validator 9.1.0.Final
2026-08-12 16:25:57 [] INFO - Starting StudentsApiCApplication using Java 17.0.15 with PID 67038 (/Users/renthairath/Downloads/StudentsApiC/build/classes/java/main started by renthairath in /Users/renthairath/Downloads/StudentsApiC)
2026-08-12 16:25:57 [] INFO - No active profile set, falling back to 1 default profile: "default"
2026-08-12 16:25:57 [] INFO - Devtools property defaults active! Set 'spring.devtools.add-properties' to 'false' to disable
2026-08-12 16:25:57 [] INFO - For additional web related logging consider setting the 'logging.level.web' property to 'DEBUG'
2026-08-12 16:25:57 [] INFO - Multiple Spring Data modules found, entering strict repository configuration mode
2026-08-12 16:25:57 [] INFO - Bootstrapping Spring Data JPA repositories in DEFAULT mode.
2026-08-12 16:25:57 [] INFO - Finished Spring Data repository scanning in 71 ms. Found 1 JPA repository interface.
2026-08-12 16:25:57 [] INFO - Multiple Spring Data modules found, entering strict repository configuration mode
2026-08-12 16:25:57 [] INFO - Bootstrapping Spring Data Redis repositories in DEFAULT mode.
2026-08-12 16:25:57 [] INFO - Spring Data Redis - Could not safely identify store assignment for repository candidate interface com.example.StudentsApiC.Students.repository.StudentRepository; If you want this repository to be a Redis repository, consider annotating your entities with one of these annotations: org.springframework.data.redis.core.RedisHash (preferred), or consider extending one of the following types with your repository: org.springframework.data.keyvalue.repository.KeyValueRepository
2026-08-12 16:25:57 [] INFO - Finished Spring Data repository scanning in 3 ms. Found 0 Redis repository interfaces.
2026-08-12 16:25:57 [] INFO - BeanFactory id=48ca0b53-89f2-3ab3-98e1-69c48add1f6b
2026-08-12 16:25:58 [] INFO - Tomcat initialized with port 8080 (http)
2026-08-12 16:25:58 [] INFO - Initializing ProtocolHandler ["http-nio-8080"]
2026-08-12 16:25:58 [] INFO - Starting service [Tomcat]
2026-08-12 16:25:58 [] INFO - Starting Servlet engine: [Apache Tomcat/11.0.22]
2026-08-12 16:25:58 [] INFO - Root WebApplicationContext: initialization completed in 1011 ms
2026-08-12 16:25:58 [] INFO - HHH008540: Processing PersistenceUnitInfo [name: default]
2026-08-12 16:25:58 [] INFO - HHH000001: Hibernate ORM core version 7.4.1.Final
2026-08-12 16:25:58 [] INFO - No LoadTimeWeaver setup: ignoring JPA class transformer
2026-08-12 16:25:58 [] INFO - HikariPool-1 - Starting...
2026-08-12 16:25:58 [] INFO - HikariPool-1 - Added connection com.mysql.cj.jdbc.ConnectionImpl@65f532e0
2026-08-12 16:25:58 [] INFO - HikariPool-1 - Start completed.
2026-08-12 16:25:58 [] INFO - HHH10001005: Database info:
	Database JDBC URL [jdbc:mysql://localhost:3306/students_db]
	Database driver: MySQL Connector/J
	Database dialect: MySQLDialect
	Database version: 9.7.1
	Default catalog/schema: students_db/undefined
	Autocommit mode: undefined/unknown
	Isolation level: REPEATABLE_READ [default REPEATABLE_READ]
	JDBC fetch size: none
	Pool: DataSourceConnectionProvider
	Minimum pool size: undefined/unknown
	Maximum pool size: undefined/unknown
2026-08-12 16:25:59 [] INFO - HHH000489: No JTA platform available (set 'hibernate.transaction.jta.platform' to enable JTA platform integration)
2026-08-12 16:25:59 [] INFO - Initialized JPA EntityManagerFactory for persistence unit 'default'
2026-08-12 16:25:59 [] INFO - Hibernate is in classpath; If applicable, HQL parser will be used.
2026-08-12 16:25:59 [] WARN - spring.jpa.open-in-view is enabled by default. Therefore, database queries may be performed during view rendering. Explicitly configure spring.jpa.open-in-view to disable this warning
2026-08-12 16:25:59 [] WARN - Can not find io.netty.resolver.dns.macos.MacOSDnsServerAddressStreamProvider in the classpath, fallback to system defaults. This may result in incorrect DNS resolutions on MacOS. Check whether you have a dependency on 'io.netty:netty-resolver-dns-native-macos'
2026-08-12 16:26:00 [] INFO - Starting ProtocolHandler ["http-nio-8080"]
2026-08-12 16:26:00 [] INFO - Tomcat started on port 8080 (http) with context path '/'
2026-08-12 16:26:00 [] INFO - Started StudentsApiCApplication in 3.529 seconds (process running for 3.945)
2026-08-12 16:26:03 [] INFO - Initializing Spring DispatcherServlet 'dispatcherServlet'
2026-08-12 16:26:03 [] INFO - Initializing Servlet 'dispatcherServlet'
2026-08-12 16:26:03 [] INFO - Completed initialization in 1 ms
2026-08-12 16:26:03 [] ERROR- Servlet.service() for servlet [dispatcherServlet] in context with path [] threw exception
io.jsonwebtoken.security.SignatureException: JWT signature does not match locally computed signature. JWT validity cannot be asserted and should not be trusted.
	at io.jsonwebtoken.impl.DefaultJwtParser.verifySignature(DefaultJwtParser.java:340)
	at io.jsonwebtoken.impl.DefaultJwtParser.parse(DefaultJwtParser.java:577)
	at io.jsonwebtoken.impl.DefaultJwtParser.parse(DefaultJwtParser.java:362)
	at io.jsonwebtoken.impl.DefaultJwtParser.parse(DefaultJwtParser.java:94)
	at io.jsonwebtoken.impl.io.AbstractParser.parse(AbstractParser.java:36)
	at io.jsonwebtoken.impl.io.AbstractParser.parse(AbstractParser.java:29)
	at io.jsonwebtoken.impl.DefaultJwtParser.parseSignedClaims(DefaultJwtParser.java:821)
	at com.example.StudentsApiC.security.JwtService.extractClaim(JwtService.java:55)
	at com.example.StudentsApiC.security.JwtService.extractUsername(JwtService.java:41)
	at com.example.StudentsApiC.security.JwtAuthenticationFilter.doFilterInternal(JwtAuthenticationFilter.java:44)
	at org.springframework.web.filter.OncePerRequestFilter.doFilter(OncePerRequestFilter.java:116)
	at org.springframework.security.web.FilterChainProxy$VirtualFilterChain.doFilter(FilterChainProxy.java:385)
	at org.springframework.security.web.authentication.logout.LogoutFilter.doFilter(LogoutFilter.java:110)
	at org.springframework.security.web.authentication.logout.LogoutFilter.doFilter(LogoutFilter.java:96)
	at org.springframework.security.web.FilterChainProxy$VirtualFilterChain.doFilter(FilterChainProxy.java:385)
	at org.springframework.security.web.header.HeaderWriterFilter.doHeadersAfter(HeaderWriterFilter.java:90)
	at org.springframework.security.web.header.HeaderWriterFilter.doFilterInternal(HeaderWriterFilter.java:75)
	at org.springframework.web.filter.OncePerRequestFilter.doFilter(OncePerRequestFilter.java:116)
	at org.springframework.security.web.FilterChainProxy$VirtualFilterChain.doFilter(FilterChainProxy.java:385)
	at org.springframework.security.web.context.SecurityContextHolderFilter.doFilter(SecurityContextHolderFilter.java:82)
	at org.springframework.security.web.context.SecurityContextHolderFilter.doFilter(SecurityContextHolderFilter.java:69)
	at org.springframework.security.web.FilterChainProxy$VirtualFilterChain.doFilter(FilterChainProxy.java:385)
	at org.springframework.security.web.context.request.async.WebAsyncManagerIntegrationFilter.doFilterInternal(WebAsyncManagerIntegrationFilter.java:62)
	at org.springframework.web.filter.OncePerRequestFilter.doFilter(OncePerRequestFilter.java:116)
	at org.springframework.security.web.FilterChainProxy$VirtualFilterChain.doFilter(FilterChainProxy.java:385)
	at org.springframework.security.web.session.DisableEncodeUrlFilter.doFilterInternal(DisableEncodeUrlFilter.java:42)
	at org.springframework.web.filter.OncePerRequestFilter.doFilter(OncePerRequestFilter.java:116)
	at org.springframework.security.web.FilterChainProxy$VirtualFilterChain.doFilter(FilterChainProxy.java:385)
	at org.springframework.security.web.FilterChainProxy.doFilterInternal(FilterChainProxy.java:237)
	at org.springframework.security.web.FilterChainProxy.doFilter(FilterChainProxy.java:195)
	at org.springframework.web.filter.CompositeFilter$VirtualFilterChain.doFilter(CompositeFilter.java:113)
	at org.springframework.web.filter.ServletRequestPathFilter.doFilter(ServletRequestPathFilter.java:52)
	at org.springframework.web.filter.CompositeFilter$VirtualFilterChain.doFilter(CompositeFilter.java:113)
	at org.springframework.web.filter.CompositeFilter.doFilter(CompositeFilter.java:74)
	at org.springframework.security.config.annotation.web.configuration.WebSecurityConfiguration$CompositeFilterChainProxy.doFilter(WebSecurityConfiguration.java:317)
	at org.springframework.web.filter.DelegatingFilterProxy.invokeDelegate(DelegatingFilterProxy.java:355)
	at org.springframework.web.filter.DelegatingFilterProxy.doFilter(DelegatingFilterProxy.java:272)
	at org.apache.catalina.core.ApplicationFilterChain.doFilter(ApplicationFilterChain.java:107)
	at org.springframework.web.filter.RequestContextFilter.doFilterInternal(RequestContextFilter.java:100)
	at org.springframework.web.filter.OncePerRequestFilter.doFilter(OncePerRequestFilter.java:116)
	at org.apache.catalina.core.ApplicationFilterChain.doFilter(ApplicationFilterChain.java:107)
	at org.springframework.web.filter.FormContentFilter.doFilterInternal(FormContentFilter.java:93)
	at org.springframework.web.filter.OncePerRequestFilter.doFilter(OncePerRequestFilter.java:116)
	at org.apache.catalina.core.ApplicationFilterChain.doFilter(ApplicationFilterChain.java:107)
	at org.springframework.web.filter.CharacterEncodingFilter.doFilterInternal(CharacterEncodingFilter.java:199)
	at org.springframework.web.filter.OncePerRequestFilter.doFilter(OncePerRequestFilter.java:116)
	at org.apache.catalina.core.ApplicationFilterChain.doFilter(ApplicationFilterChain.java:107)
	at org.apache.catalina.core.StandardWrapperValve.invoke(StandardWrapperValve.java:165)
	at org.apache.catalina.core.StandardContextValve.invoke(StandardContextValve.java:77)
	at org.apache.catalina.authenticator.AuthenticatorBase.invoke(AuthenticatorBase.java:492)
	at org.apache.catalina.core.StandardHostValve.invoke(StandardHostValve.java:113)
	at org.apache.catalina.valves.ErrorReportValve.invoke(ErrorReportValve.java:83)
	at org.apache.catalina.core.StandardEngineValve.invoke(StandardEngineValve.java:72)
	at org.apache.catalina.connector.CoyoteAdapter.service(CoyoteAdapter.java:341)
	at org.apache.coyote.http11.Http11Processor.service(Http11Processor.java:397)
	at org.apache.coyote.AbstractProcessorLight.process(AbstractProcessorLight.java:63)
	at org.apache.coyote.AbstractProtocol$ConnectionHandler.process(AbstractProtocol.java:1272)
	at org.apache.tomcat.util.net.NioEndpoint$SocketProcessor.doRun(NioEndpoint.java:1801)
	at org.apache.tomcat.util.net.SocketProcessorBase.run(SocketProcessorBase.java:52)
	at org.apache.tomcat.util.threads.ThreadPoolExecutor.runWorker(ThreadPoolExecutor.java:946)
	at org.apache.tomcat.util.threads.ThreadPoolExecutor$Worker.run(ThreadPoolExecutor.java:480)
	at org.apache.tomcat.util.threads.TaskThread$WrappingRunnable.run(TaskThread.java:57)
	at java.base/java.lang.Thread.run(Thread.java:840)
2026-08-12 16:26:03 [] WARN - SECURITY {"method":"GET","path":"/error","status":401,"message":"Unauthorized: Please login first"}
2026-08-12 16:26:42 [] ERROR- Servlet.service() for servlet [dispatcherServlet] in context with path [] threw exception
io.jsonwebtoken.security.SignatureException: JWT signature does not match locally computed signature. JWT validity cannot be asserted and should not be trusted.
	at io.jsonwebtoken.impl.DefaultJwtParser.verifySignature(DefaultJwtParser.java:340)
	at io.jsonwebtoken.impl.DefaultJwtParser.parse(DefaultJwtParser.java:577)
	at io.jsonwebtoken.impl.DefaultJwtParser.parse(DefaultJwtParser.java:362)
	at io.jsonwebtoken.impl.DefaultJwtParser.parse(DefaultJwtParser.java:94)
	at io.jsonwebtoken.impl.io.AbstractParser.parse(AbstractParser.java:36)
	at io.jsonwebtoken.impl.io.AbstractParser.parse(AbstractParser.java:29)
	at io.jsonwebtoken.impl.DefaultJwtParser.parseSignedClaims(DefaultJwtParser.java:821)
	at com.example.StudentsApiC.security.JwtService.extractClaim(JwtService.java:55)
	at com.example.StudentsApiC.security.JwtService.extractUsername(JwtService.java:41)
	at com.example.StudentsApiC.security.JwtAuthenticationFilter.doFilterInternal(JwtAuthenticationFilter.java:44)
	at org.springframework.web.filter.OncePerRequestFilter.doFilter(OncePerRequestFilter.java:116)
	at org.springframework.security.web.FilterChainProxy$VirtualFilterChain.doFilter(FilterChainProxy.java:385)
	at org.springframework.security.web.authentication.logout.LogoutFilter.doFilter(LogoutFilter.java:110)
	at org.springframework.security.web.authentication.logout.LogoutFilter.doFilter(LogoutFilter.java:96)
	at org.springframework.security.web.FilterChainProxy$VirtualFilterChain.doFilter(FilterChainProxy.java:385)
	at org.springframework.security.web.header.HeaderWriterFilter.doHeadersAfter(HeaderWriterFilter.java:90)
	at org.springframework.security.web.header.HeaderWriterFilter.doFilterInternal(HeaderWriterFilter.java:75)
	at org.springframework.web.filter.OncePerRequestFilter.doFilter(OncePerRequestFilter.java:116)
	at org.springframework.security.web.FilterChainProxy$VirtualFilterChain.doFilter(FilterChainProxy.java:385)
	at org.springframework.security.web.context.SecurityContextHolderFilter.doFilter(SecurityContextHolderFilter.java:82)
	at org.springframework.security.web.context.SecurityContextHolderFilter.doFilter(SecurityContextHolderFilter.java:69)
	at org.springframework.security.web.FilterChainProxy$VirtualFilterChain.doFilter(FilterChainProxy.java:385)
	at org.springframework.security.web.context.request.async.WebAsyncManagerIntegrationFilter.doFilterInternal(WebAsyncManagerIntegrationFilter.java:62)
	at org.springframework.web.filter.OncePerRequestFilter.doFilter(OncePerRequestFilter.java:116)
	at org.springframework.security.web.FilterChainProxy$VirtualFilterChain.doFilter(FilterChainProxy.java:385)
	at org.springframework.security.web.session.DisableEncodeUrlFilter.doFilterInternal(DisableEncodeUrlFilter.java:42)
	at org.springframework.web.filter.OncePerRequestFilter.doFilter(OncePerRequestFilter.java:116)
	at org.springframework.security.web.FilterChainProxy$VirtualFilterChain.doFilter(FilterChainProxy.java:385)
	at org.springframework.security.web.FilterChainProxy.doFilterInternal(FilterChainProxy.java:237)
	at org.springframework.security.web.FilterChainProxy.doFilter(FilterChainProxy.java:195)
	at org.springframework.web.filter.CompositeFilter$VirtualFilterChain.doFilter(CompositeFilter.java:113)
	at org.springframework.web.filter.ServletRequestPathFilter.doFilter(ServletRequestPathFilter.java:52)
	at org.springframework.web.filter.CompositeFilter$VirtualFilterChain.doFilter(CompositeFilter.java:113)
	at org.springframework.web.filter.CompositeFilter.doFilter(CompositeFilter.java:74)
	at org.springframework.security.config.annotation.web.configuration.WebSecurityConfiguration$CompositeFilterChainProxy.doFilter(WebSecurityConfiguration.java:317)
	at org.springframework.web.filter.DelegatingFilterProxy.invokeDelegate(DelegatingFilterProxy.java:355)
	at org.springframework.web.filter.DelegatingFilterProxy.doFilter(DelegatingFilterProxy.java:272)
	at org.apache.catalina.core.ApplicationFilterChain.doFilter(ApplicationFilterChain.java:107)
	at org.springframework.web.filter.RequestContextFilter.doFilterInternal(RequestContextFilter.java:100)
	at org.springframework.web.filter.OncePerRequestFilter.doFilter(OncePerRequestFilter.java:116)
	at org.apache.catalina.core.ApplicationFilterChain.doFilter(ApplicationFilterChain.java:107)
	at org.springframework.web.filter.FormContentFilter.doFilterInternal(FormContentFilter.java:93)
	at org.springframework.web.filter.OncePerRequestFilter.doFilter(OncePerRequestFilter.java:116)
	at org.apache.catalina.core.ApplicationFilterChain.doFilter(ApplicationFilterChain.java:107)
	at org.springframework.web.filter.CharacterEncodingFilter.doFilterInternal(CharacterEncodingFilter.java:199)
	at org.springframework.web.filter.OncePerRequestFilter.doFilter(OncePerRequestFilter.java:116)
	at org.apache.catalina.core.ApplicationFilterChain.doFilter(ApplicationFilterChain.java:107)
	at org.apache.catalina.core.StandardWrapperValve.invoke(StandardWrapperValve.java:165)
	at org.apache.catalina.core.StandardContextValve.invoke(StandardContextValve.java:77)
	at org.apache.catalina.authenticator.AuthenticatorBase.invoke(AuthenticatorBase.java:492)
	at org.apache.catalina.core.StandardHostValve.invoke(StandardHostValve.java:113)
	at org.apache.catalina.valves.ErrorReportValve.invoke(ErrorReportValve.java:83)
	at org.apache.catalina.core.StandardEngineValve.invoke(StandardEngineValve.java:72)
	at org.apache.catalina.connector.CoyoteAdapter.service(CoyoteAdapter.java:341)
	at org.apache.coyote.http11.Http11Processor.service(Http11Processor.java:397)
	at org.apache.coyote.AbstractProcessorLight.process(AbstractProcessorLight.java:63)
	at org.apache.coyote.AbstractProtocol$ConnectionHandler.process(AbstractProtocol.java:1272)
	at org.apache.tomcat.util.net.NioEndpoint$SocketProcessor.doRun(NioEndpoint.java:1801)
	at org.apache.tomcat.util.net.SocketProcessorBase.run(SocketProcessorBase.java:52)
	at org.apache.tomcat.util.threads.ThreadPoolExecutor.runWorker(ThreadPoolExecutor.java:946)
	at org.apache.tomcat.util.threads.ThreadPoolExecutor$Worker.run(ThreadPoolExecutor.java:480)
	at org.apache.tomcat.util.threads.TaskThread$WrappingRunnable.run(TaskThread.java:57)
	at java.base/java.lang.Thread.run(Thread.java:840)
2026-08-12 16:26:42 [] WARN - SECURITY {"method":"GET","path":"/error","status":401,"message":"Unauthorized: Please login first"}
2026-08-12 16:28:55 [] INFO - Commencing graceful shutdown. Waiting for active requests to complete
2026-08-12 16:28:55 [] INFO - Graceful shutdown complete
2026-08-12 16:28:55 [] INFO - Closing JPA EntityManagerFactory for persistence unit 'default'
2026-08-12 16:28:55 [] INFO - HikariPool-1 - Shutdown initiated...
2026-08-12 16:28:55 [] INFO - HikariPool-1 - Shutdown completed.
2026-08-12 16:28:56 [] INFO - HV000001: Hibernate Validator 9.1.0.Final
2026-08-12 16:28:56 [] INFO - Starting StudentsApiCApplication using Java 17.0.15 with PID 67598 (/Users/renthairath/Downloads/StudentsApiC/build/classes/java/main started by renthairath in /Users/renthairath/Downloads/StudentsApiC)
2026-08-12 16:28:56 [] INFO - No active profile set, falling back to 1 default profile: "default"
2026-08-12 16:28:56 [] INFO - Devtools property defaults active! Set 'spring.devtools.add-properties' to 'false' to disable
2026-08-12 16:28:56 [] INFO - For additional web related logging consider setting the 'logging.level.web' property to 'DEBUG'
2026-08-12 16:28:57 [] INFO - Multiple Spring Data modules found, entering strict repository configuration mode
2026-08-12 16:28:57 [] INFO - Bootstrapping Spring Data JPA repositories in DEFAULT mode.
2026-08-12 16:28:57 [] INFO - Finished Spring Data repository scanning in 69 ms. Found 1 JPA repository interface.
2026-08-12 16:28:57 [] INFO - Multiple Spring Data modules found, entering strict repository configuration mode
2026-08-12 16:28:57 [] INFO - Bootstrapping Spring Data Redis repositories in DEFAULT mode.
2026-08-12 16:28:57 [] INFO - Spring Data Redis - Could not safely identify store assignment for repository candidate interface com.example.StudentsApiC.Students.repository.StudentRepository; If you want this repository to be a Redis repository, consider annotating your entities with one of these annotations: org.springframework.data.redis.core.RedisHash (preferred), or consider extending one of the following types with your repository: org.springframework.data.keyvalue.repository.KeyValueRepository
2026-08-12 16:28:57 [] INFO - Finished Spring Data repository scanning in 4 ms. Found 0 Redis repository interfaces.
2026-08-12 16:28:57 [] INFO - BeanFactory id=48ca0b53-89f2-3ab3-98e1-69c48add1f6b
2026-08-12 16:28:57 [] INFO - Tomcat initialized with port 8080 (http)
2026-08-12 16:28:57 [] INFO - Initializing ProtocolHandler ["http-nio-8080"]
2026-08-12 16:28:57 [] INFO - Starting service [Tomcat]
2026-08-12 16:28:57 [] INFO - Starting Servlet engine: [Apache Tomcat/11.0.22]
2026-08-12 16:28:57 [] INFO - Root WebApplicationContext: initialization completed in 952 ms
2026-08-12 16:28:57 [] INFO - HHH008540: Processing PersistenceUnitInfo [name: default]
2026-08-12 16:28:57 [] INFO - HHH000001: Hibernate ORM core version 7.4.1.Final
2026-08-12 16:28:58 [] INFO - No LoadTimeWeaver setup: ignoring JPA class transformer
2026-08-12 16:28:58 [] INFO - HikariPool-1 - Starting...
2026-08-12 16:28:58 [] INFO - HikariPool-1 - Added connection com.mysql.cj.jdbc.ConnectionImpl@4a69ccc0
2026-08-12 16:28:58 [] INFO - HikariPool-1 - Start completed.
2026-08-12 16:28:58 [] INFO - HHH10001005: Database info:
	Database JDBC URL [jdbc:mysql://localhost:3306/students_db]
	Database driver: MySQL Connector/J
	Database dialect: MySQLDialect
	Database version: 9.7.1
	Default catalog/schema: students_db/undefined
	Autocommit mode: undefined/unknown
	Isolation level: REPEATABLE_READ [default REPEATABLE_READ]
	JDBC fetch size: none
	Pool: DataSourceConnectionProvider
	Minimum pool size: undefined/unknown
	Maximum pool size: undefined/unknown
2026-08-12 16:28:58 [] INFO - HHH000489: No JTA platform available (set 'hibernate.transaction.jta.platform' to enable JTA platform integration)
2026-08-12 16:28:58 [] INFO - Initialized JPA EntityManagerFactory for persistence unit 'default'
2026-08-12 16:28:58 [] INFO - Hibernate is in classpath; If applicable, HQL parser will be used.
2026-08-12 16:28:59 [] WARN - spring.jpa.open-in-view is enabled by default. Therefore, database queries may be performed during view rendering. Explicitly configure spring.jpa.open-in-view to disable this warning
2026-08-12 16:28:59 [] WARN - Can not find io.netty.resolver.dns.macos.MacOSDnsServerAddressStreamProvider in the classpath, fallback to system defaults. This may result in incorrect DNS resolutions on MacOS. Check whether you have a dependency on 'io.netty:netty-resolver-dns-native-macos'
2026-08-12 16:28:59 [] INFO - Starting ProtocolHandler ["http-nio-8080"]
2026-08-12 16:28:59 [] INFO - Tomcat started on port 8080 (http) with context path '/'
2026-08-12 16:28:59 [] INFO - Started StudentsApiCApplication in 3.405 seconds (process running for 3.784)
2026-08-12 16:29:00 [] INFO - Initializing Spring DispatcherServlet 'dispatcherServlet'
2026-08-12 16:29:00 [] INFO - Initializing Servlet 'dispatcherServlet'
2026-08-12 16:29:00 [] INFO - Completed initialization in 1 ms
2026-08-12 16:29:00 [] ERROR- Servlet.service() for servlet [dispatcherServlet] in context with path [] threw exception
io.jsonwebtoken.security.SignatureException: JWT signature does not match locally computed signature. JWT validity cannot be asserted and should not be trusted.
	at io.jsonwebtoken.impl.DefaultJwtParser.verifySignature(DefaultJwtParser.java:340)
	at io.jsonwebtoken.impl.DefaultJwtParser.parse(DefaultJwtParser.java:577)
	at io.jsonwebtoken.impl.DefaultJwtParser.parse(DefaultJwtParser.java:362)
	at io.jsonwebtoken.impl.DefaultJwtParser.parse(DefaultJwtParser.java:94)
	at io.jsonwebtoken.impl.io.AbstractParser.parse(AbstractParser.java:36)
	at io.jsonwebtoken.impl.io.AbstractParser.parse(AbstractParser.java:29)
	at io.jsonwebtoken.impl.DefaultJwtParser.parseSignedClaims(DefaultJwtParser.java:821)
	at com.example.StudentsApiC.security.JwtService.extractClaim(JwtService.java:55)
	at com.example.StudentsApiC.security.JwtService.extractUsername(JwtService.java:41)
	at com.example.StudentsApiC.security.JwtAuthenticationFilter.doFilterInternal(JwtAuthenticationFilter.java:44)
	at org.springframework.web.filter.OncePerRequestFilter.doFilter(OncePerRequestFilter.java:116)
	at org.springframework.security.web.FilterChainProxy$VirtualFilterChain.doFilter(FilterChainProxy.java:385)
	at org.springframework.security.web.authentication.logout.LogoutFilter.doFilter(LogoutFilter.java:110)
	at org.springframework.security.web.authentication.logout.LogoutFilter.doFilter(LogoutFilter.java:96)
	at org.springframework.security.web.FilterChainProxy$VirtualFilterChain.doFilter(FilterChainProxy.java:385)
	at org.springframework.security.web.header.HeaderWriterFilter.doHeadersAfter(HeaderWriterFilter.java:90)
	at org.springframework.security.web.header.HeaderWriterFilter.doFilterInternal(HeaderWriterFilter.java:75)
	at org.springframework.web.filter.OncePerRequestFilter.doFilter(OncePerRequestFilter.java:116)
	at org.springframework.security.web.FilterChainProxy$VirtualFilterChain.doFilter(FilterChainProxy.java:385)
	at org.springframework.security.web.context.SecurityContextHolderFilter.doFilter(SecurityContextHolderFilter.java:82)
	at org.springframework.security.web.context.SecurityContextHolderFilter.doFilter(SecurityContextHolderFilter.java:69)
	at org.springframework.security.web.FilterChainProxy$VirtualFilterChain.doFilter(FilterChainProxy.java:385)
	at org.springframework.security.web.context.request.async.WebAsyncManagerIntegrationFilter.doFilterInternal(WebAsyncManagerIntegrationFilter.java:62)
	at org.springframework.web.filter.OncePerRequestFilter.doFilter(OncePerRequestFilter.java:116)
	at org.springframework.security.web.FilterChainProxy$VirtualFilterChain.doFilter(FilterChainProxy.java:385)
	at org.springframework.security.web.session.DisableEncodeUrlFilter.doFilterInternal(DisableEncodeUrlFilter.java:42)
	at org.springframework.web.filter.OncePerRequestFilter.doFilter(OncePerRequestFilter.java:116)
	at org.springframework.security.web.FilterChainProxy$VirtualFilterChain.doFilter(FilterChainProxy.java:385)
	at org.springframework.security.web.FilterChainProxy.doFilterInternal(FilterChainProxy.java:237)
	at org.springframework.security.web.FilterChainProxy.doFilter(FilterChainProxy.java:195)
	at org.springframework.web.filter.CompositeFilter$VirtualFilterChain.doFilter(CompositeFilter.java:113)
	at org.springframework.web.filter.ServletRequestPathFilter.doFilter(ServletRequestPathFilter.java:52)
	at org.springframework.web.filter.CompositeFilter$VirtualFilterChain.doFilter(CompositeFilter.java:113)
	at org.springframework.web.filter.CompositeFilter.doFilter(CompositeFilter.java:74)
	at org.springframework.security.config.annotation.web.configuration.WebSecurityConfiguration$CompositeFilterChainProxy.doFilter(WebSecurityConfiguration.java:317)
	at org.springframework.web.filter.DelegatingFilterProxy.invokeDelegate(DelegatingFilterProxy.java:355)
	at org.springframework.web.filter.DelegatingFilterProxy.doFilter(DelegatingFilterProxy.java:272)
	at org.apache.catalina.core.ApplicationFilterChain.doFilter(ApplicationFilterChain.java:107)
	at org.springframework.web.filter.RequestContextFilter.doFilterInternal(RequestContextFilter.java:100)
	at org.springframework.web.filter.OncePerRequestFilter.doFilter(OncePerRequestFilter.java:116)
	at org.apache.catalina.core.ApplicationFilterChain.doFilter(ApplicationFilterChain.java:107)
	at org.springframework.web.filter.FormContentFilter.doFilterInternal(FormContentFilter.java:93)
	at org.springframework.web.filter.OncePerRequestFilter.doFilter(OncePerRequestFilter.java:116)
	at org.apache.catalina.core.ApplicationFilterChain.doFilter(ApplicationFilterChain.java:107)
	at org.springframework.web.filter.CharacterEncodingFilter.doFilterInternal(CharacterEncodingFilter.java:199)
	at org.springframework.web.filter.OncePerRequestFilter.doFilter(OncePerRequestFilter.java:116)
	at org.apache.catalina.core.ApplicationFilterChain.doFilter(ApplicationFilterChain.java:107)
	at org.apache.catalina.core.StandardWrapperValve.invoke(StandardWrapperValve.java:165)
	at org.apache.catalina.core.StandardContextValve.invoke(StandardContextValve.java:77)
	at org.apache.catalina.authenticator.AuthenticatorBase.invoke(AuthenticatorBase.java:492)
	at org.apache.catalina.core.StandardHostValve.invoke(StandardHostValve.java:113)
	at org.apache.catalina.valves.ErrorReportValve.invoke(ErrorReportValve.java:83)
	at org.apache.catalina.core.StandardEngineValve.invoke(StandardEngineValve.java:72)
	at org.apache.catalina.connector.CoyoteAdapter.service(CoyoteAdapter.java:341)
	at org.apache.coyote.http11.Http11Processor.service(Http11Processor.java:397)
	at org.apache.coyote.AbstractProcessorLight.process(AbstractProcessorLight.java:63)
	at org.apache.coyote.AbstractProtocol$ConnectionHandler.process(AbstractProtocol.java:1272)
	at org.apache.tomcat.util.net.NioEndpoint$SocketProcessor.doRun(NioEndpoint.java:1801)
	at org.apache.tomcat.util.net.SocketProcessorBase.run(SocketProcessorBase.java:52)
	at org.apache.tomcat.util.threads.ThreadPoolExecutor.runWorker(ThreadPoolExecutor.java:946)
	at org.apache.tomcat.util.threads.ThreadPoolExecutor$Worker.run(ThreadPoolExecutor.java:480)
	at org.apache.tomcat.util.threads.TaskThread$WrappingRunnable.run(TaskThread.java:57)
	at java.base/java.lang.Thread.run(Thread.java:840)
2026-08-12 16:29:00 [] WARN - ========== SECURITY ERROR ==========
METHOD  : GET
URL     : /error
STATUS  : 401
MESSAGE : Unauthorized: Please login first
====================================
2026-08-12 16:30:22 [] INFO - Commencing graceful shutdown. Waiting for active requests to complete
2026-08-12 16:30:22 [] INFO - Graceful shutdown complete
2026-08-12 16:30:22 [] INFO - Closing JPA EntityManagerFactory for persistence unit 'default'
2026-08-12 16:30:22 [] INFO - HikariPool-1 - Shutdown initiated...
2026-08-12 16:30:22 [] INFO - HikariPool-1 - Shutdown completed.
2026-08-12 16:31:12 [] INFO - HV000001: Hibernate Validator 9.1.0.Final
2026-08-12 16:31:12 [] INFO - Starting StudentsApiCApplication using Java 17.0.15 with PID 68021 (/Users/renthairath/Downloads/StudentsApiC/build/classes/java/main started by renthairath in /Users/renthairath/Downloads/StudentsApiC)
2026-08-12 16:31:12 [] INFO - No active profile set, falling back to 1 default profile: "default"
2026-08-12 16:31:12 [] INFO - Devtools property defaults active! Set 'spring.devtools.add-properties' to 'false' to disable
2026-08-12 16:31:12 [] INFO - For additional web related logging consider setting the 'logging.level.web' property to 'DEBUG'
2026-08-12 16:31:13 [] INFO - Multiple Spring Data modules found, entering strict repository configuration mode
2026-08-12 16:31:13 [] INFO - Bootstrapping Spring Data JPA repositories in DEFAULT mode.
2026-08-12 16:31:13 [] INFO - Finished Spring Data repository scanning in 74 ms. Found 1 JPA repository interface.
2026-08-12 16:31:13 [] INFO - Multiple Spring Data modules found, entering strict repository configuration mode
2026-08-12 16:31:13 [] INFO - Bootstrapping Spring Data Redis repositories in DEFAULT mode.
2026-08-12 16:31:13 [] INFO - Spring Data Redis - Could not safely identify store assignment for repository candidate interface com.example.StudentsApiC.Students.repository.StudentRepository; If you want this repository to be a Redis repository, consider annotating your entities with one of these annotations: org.springframework.data.redis.core.RedisHash (preferred), or consider extending one of the following types with your repository: org.springframework.data.keyvalue.repository.KeyValueRepository
2026-08-12 16:31:13 [] INFO - Finished Spring Data repository scanning in 3 ms. Found 0 Redis repository interfaces.
2026-08-12 16:31:13 [] INFO - BeanFactory id=48ca0b53-89f2-3ab3-98e1-69c48add1f6b
2026-08-12 16:31:13 [] INFO - Tomcat initialized with port 8080 (http)
2026-08-12 16:31:13 [] INFO - Initializing ProtocolHandler ["http-nio-8080"]
2026-08-12 16:31:13 [] INFO - Starting service [Tomcat]
2026-08-12 16:31:13 [] INFO - Starting Servlet engine: [Apache Tomcat/11.0.22]
2026-08-12 16:31:13 [] INFO - Root WebApplicationContext: initialization completed in 992 ms
2026-08-12 16:31:13 [] INFO - HHH008540: Processing PersistenceUnitInfo [name: default]
2026-08-12 16:31:13 [] INFO - HHH000001: Hibernate ORM core version 7.4.1.Final
2026-08-12 16:31:14 [] INFO - No LoadTimeWeaver setup: ignoring JPA class transformer
2026-08-12 16:31:14 [] INFO - HikariPool-1 - Starting...
2026-08-12 16:31:14 [] INFO - HikariPool-1 - Added connection com.mysql.cj.jdbc.ConnectionImpl@45610014
2026-08-12 16:31:14 [] INFO - HikariPool-1 - Start completed.
2026-08-12 16:31:14 [] INFO - HHH10001005: Database info:
	Database JDBC URL [jdbc:mysql://localhost:3306/students_db]
	Database driver: MySQL Connector/J
	Database dialect: MySQLDialect
	Database version: 9.7.1
	Default catalog/schema: students_db/undefined
	Autocommit mode: undefined/unknown
	Isolation level: REPEATABLE_READ [default REPEATABLE_READ]
	JDBC fetch size: none
	Pool: DataSourceConnectionProvider
	Minimum pool size: undefined/unknown
	Maximum pool size: undefined/unknown
2026-08-12 16:31:14 [] INFO - HHH000489: No JTA platform available (set 'hibernate.transaction.jta.platform' to enable JTA platform integration)
2026-08-12 16:31:14 [] INFO - Initialized JPA EntityManagerFactory for persistence unit 'default'
2026-08-12 16:31:14 [] INFO - Hibernate is in classpath; If applicable, HQL parser will be used.
2026-08-12 16:31:15 [] WARN - spring.jpa.open-in-view is enabled by default. Therefore, database queries may be performed during view rendering. Explicitly configure spring.jpa.open-in-view to disable this warning
2026-08-12 16:31:15 [] WARN - Can not find io.netty.resolver.dns.macos.MacOSDnsServerAddressStreamProvider in the classpath, fallback to system defaults. This may result in incorrect DNS resolutions on MacOS. Check whether you have a dependency on 'io.netty:netty-resolver-dns-native-macos'
2026-08-12 16:31:15 [] INFO - Starting ProtocolHandler ["http-nio-8080"]
2026-08-12 16:31:15 [] INFO - Tomcat started on port 8080 (http) with context path '/'
2026-08-12 16:31:15 [] INFO - Started StudentsApiCApplication in 3.52 seconds (process running for 3.926)
2026-08-12 16:31:16 [] INFO - Initializing Spring DispatcherServlet 'dispatcherServlet'
2026-08-12 16:31:16 [] INFO - Initializing Servlet 'dispatcherServlet'
2026-08-12 16:31:16 [] INFO - Completed initialization in 1 ms
2026-08-12 16:31:16 [] ERROR- Servlet.service() for servlet [dispatcherServlet] in context with path [] threw exception
io.jsonwebtoken.security.SignatureException: JWT signature does not match locally computed signature. JWT validity cannot be asserted and should not be trusted.
	at io.jsonwebtoken.impl.DefaultJwtParser.verifySignature(DefaultJwtParser.java:340)
	at io.jsonwebtoken.impl.DefaultJwtParser.parse(DefaultJwtParser.java:577)
	at io.jsonwebtoken.impl.DefaultJwtParser.parse(DefaultJwtParser.java:362)
	at io.jsonwebtoken.impl.DefaultJwtParser.parse(DefaultJwtParser.java:94)
	at io.jsonwebtoken.impl.io.AbstractParser.parse(AbstractParser.java:36)
	at io.jsonwebtoken.impl.io.AbstractParser.parse(AbstractParser.java:29)
	at io.jsonwebtoken.impl.DefaultJwtParser.parseSignedClaims(DefaultJwtParser.java:821)
	at com.example.StudentsApiC.security.JwtService.extractClaim(JwtService.java:55)
	at com.example.StudentsApiC.security.JwtService.extractUsername(JwtService.java:41)
	at com.example.StudentsApiC.security.JwtAuthenticationFilter.doFilterInternal(JwtAuthenticationFilter.java:44)
	at org.springframework.web.filter.OncePerRequestFilter.doFilter(OncePerRequestFilter.java:116)
	at org.springframework.security.web.FilterChainProxy$VirtualFilterChain.doFilter(FilterChainProxy.java:385)
	at org.springframework.security.web.authentication.logout.LogoutFilter.doFilter(LogoutFilter.java:110)
	at org.springframework.security.web.authentication.logout.LogoutFilter.doFilter(LogoutFilter.java:96)
	at org.springframework.security.web.FilterChainProxy$VirtualFilterChain.doFilter(FilterChainProxy.java:385)
	at org.springframework.security.web.header.HeaderWriterFilter.doHeadersAfter(HeaderWriterFilter.java:90)
	at org.springframework.security.web.header.HeaderWriterFilter.doFilterInternal(HeaderWriterFilter.java:75)
	at org.springframework.web.filter.OncePerRequestFilter.doFilter(OncePerRequestFilter.java:116)
	at org.springframework.security.web.FilterChainProxy$VirtualFilterChain.doFilter(FilterChainProxy.java:385)
	at org.springframework.security.web.context.SecurityContextHolderFilter.doFilter(SecurityContextHolderFilter.java:82)
	at org.springframework.security.web.context.SecurityContextHolderFilter.doFilter(SecurityContextHolderFilter.java:69)
	at org.springframework.security.web.FilterChainProxy$VirtualFilterChain.doFilter(FilterChainProxy.java:385)
	at org.springframework.security.web.context.request.async.WebAsyncManagerIntegrationFilter.doFilterInternal(WebAsyncManagerIntegrationFilter.java:62)
	at org.springframework.web.filter.OncePerRequestFilter.doFilter(OncePerRequestFilter.java:116)
	at org.springframework.security.web.FilterChainProxy$VirtualFilterChain.doFilter(FilterChainProxy.java:385)
	at org.springframework.security.web.session.DisableEncodeUrlFilter.doFilterInternal(DisableEncodeUrlFilter.java:42)
	at org.springframework.web.filter.OncePerRequestFilter.doFilter(OncePerRequestFilter.java:116)
	at org.springframework.security.web.FilterChainProxy$VirtualFilterChain.doFilter(FilterChainProxy.java:385)
	at org.springframework.security.web.FilterChainProxy.doFilterInternal(FilterChainProxy.java:237)
	at org.springframework.security.web.FilterChainProxy.doFilter(FilterChainProxy.java:195)
	at org.springframework.web.filter.CompositeFilter$VirtualFilterChain.doFilter(CompositeFilter.java:113)
	at org.springframework.web.filter.ServletRequestPathFilter.doFilter(ServletRequestPathFilter.java:52)
	at org.springframework.web.filter.CompositeFilter$VirtualFilterChain.doFilter(CompositeFilter.java:113)
	at org.springframework.web.filter.CompositeFilter.doFilter(CompositeFilter.java:74)
	at org.springframework.security.config.annotation.web.configuration.WebSecurityConfiguration$CompositeFilterChainProxy.doFilter(WebSecurityConfiguration.java:317)
	at org.springframework.web.filter.DelegatingFilterProxy.invokeDelegate(DelegatingFilterProxy.java:355)
	at org.springframework.web.filter.DelegatingFilterProxy.doFilter(DelegatingFilterProxy.java:272)
	at org.apache.catalina.core.ApplicationFilterChain.doFilter(ApplicationFilterChain.java:107)
	at org.springframework.web.filter.RequestContextFilter.doFilterInternal(RequestContextFilter.java:100)
	at org.springframework.web.filter.OncePerRequestFilter.doFilter(OncePerRequestFilter.java:116)
	at org.apache.catalina.core.ApplicationFilterChain.doFilter(ApplicationFilterChain.java:107)
	at org.springframework.web.filter.FormContentFilter.doFilterInternal(FormContentFilter.java:93)
	at org.springframework.web.filter.OncePerRequestFilter.doFilter(OncePerRequestFilter.java:116)
	at org.apache.catalina.core.ApplicationFilterChain.doFilter(ApplicationFilterChain.java:107)
	at org.springframework.web.filter.CharacterEncodingFilter.doFilterInternal(CharacterEncodingFilter.java:199)
	at org.springframework.web.filter.OncePerRequestFilter.doFilter(OncePerRequestFilter.java:116)
	at org.apache.catalina.core.ApplicationFilterChain.doFilter(ApplicationFilterChain.java:107)
	at org.apache.catalina.core.StandardWrapperValve.invoke(StandardWrapperValve.java:165)
	at org.apache.catalina.core.StandardContextValve.invoke(StandardContextValve.java:77)
	at org.apache.catalina.authenticator.AuthenticatorBase.invoke(AuthenticatorBase.java:492)
	at org.apache.catalina.core.StandardHostValve.invoke(StandardHostValve.java:113)
	at org.apache.catalina.valves.ErrorReportValve.invoke(ErrorReportValve.java:83)
	at org.apache.catalina.core.StandardEngineValve.invoke(StandardEngineValve.java:72)
	at org.apache.catalina.connector.CoyoteAdapter.service(CoyoteAdapter.java:341)
	at org.apache.coyote.http11.Http11Processor.service(Http11Processor.java:397)
	at org.apache.coyote.AbstractProcessorLight.process(AbstractProcessorLight.java:63)
	at org.apache.coyote.AbstractProtocol$ConnectionHandler.process(AbstractProtocol.java:1272)
	at org.apache.tomcat.util.net.NioEndpoint$SocketProcessor.doRun(NioEndpoint.java:1801)
	at org.apache.tomcat.util.net.SocketProcessorBase.run(SocketProcessorBase.java:52)
	at org.apache.tomcat.util.threads.ThreadPoolExecutor.runWorker(ThreadPoolExecutor.java:946)
	at org.apache.tomcat.util.threads.ThreadPoolExecutor$Worker.run(ThreadPoolExecutor.java:480)
	at org.apache.tomcat.util.threads.TaskThread$WrappingRunnable.run(TaskThread.java:57)
	at java.base/java.lang.Thread.run(Thread.java:840)
2026-08-12 16:31:16 [] ERROR- ========== SECURITY ERROR ==========
METHOD  : GET
URL     : /error
STATUS  : 401
MESSAGE : Unauthorized: Please login first
====================================
2026-08-12 16:33:03 [] INFO - Commencing graceful shutdown. Waiting for active requests to complete
2026-08-12 16:33:03 [] INFO - Graceful shutdown complete
2026-08-12 16:33:03 [] INFO - Closing JPA EntityManagerFactory for persistence unit 'default'
2026-08-12 16:33:03 [] INFO - HikariPool-1 - Shutdown initiated...
2026-08-12 16:33:03 [] INFO - HikariPool-1 - Shutdown completed.
2026-08-12 16:33:04 [] INFO - HV000001: Hibernate Validator 9.1.0.Final
2026-08-12 16:33:04 [] INFO - Starting StudentsApiCApplication using Java 17.0.15 with PID 68374 (/Users/renthairath/Downloads/StudentsApiC/build/classes/java/main started by renthairath in /Users/renthairath/Downloads/StudentsApiC)
2026-08-12 16:33:04 [] INFO - No active profile set, falling back to 1 default profile: "default"
2026-08-12 16:33:04 [] INFO - Devtools property defaults active! Set 'spring.devtools.add-properties' to 'false' to disable
2026-08-12 16:33:04 [] INFO - For additional web related logging consider setting the 'logging.level.web' property to 'DEBUG'
2026-08-12 16:33:05 [] INFO - Multiple Spring Data modules found, entering strict repository configuration mode
2026-08-12 16:33:05 [] INFO - Bootstrapping Spring Data JPA repositories in DEFAULT mode.
2026-08-12 16:33:05 [] INFO - Finished Spring Data repository scanning in 70 ms. Found 1 JPA repository interface.
2026-08-12 16:33:05 [] INFO - Multiple Spring Data modules found, entering strict repository configuration mode
2026-08-12 16:33:05 [] INFO - Bootstrapping Spring Data Redis repositories in DEFAULT mode.
2026-08-12 16:33:05 [] INFO - Spring Data Redis - Could not safely identify store assignment for repository candidate interface com.example.StudentsApiC.Students.repository.StudentRepository; If you want this repository to be a Redis repository, consider annotating your entities with one of these annotations: org.springframework.data.redis.core.RedisHash (preferred), or consider extending one of the following types with your repository: org.springframework.data.keyvalue.repository.KeyValueRepository
2026-08-12 16:33:05 [] INFO - Finished Spring Data repository scanning in 3 ms. Found 0 Redis repository interfaces.
2026-08-12 16:33:05 [] INFO - BeanFactory id=48ca0b53-89f2-3ab3-98e1-69c48add1f6b
2026-08-12 16:33:05 [] INFO - Tomcat initialized with port 8080 (http)
2026-08-12 16:33:05 [] INFO - Initializing ProtocolHandler ["http-nio-8080"]
2026-08-12 16:33:05 [] INFO - Starting service [Tomcat]
2026-08-12 16:33:05 [] INFO - Starting Servlet engine: [Apache Tomcat/11.0.22]
2026-08-12 16:33:05 [] INFO - Root WebApplicationContext: initialization completed in 948 ms
2026-08-12 16:33:05 [] INFO - HHH008540: Processing PersistenceUnitInfo [name: default]
2026-08-12 16:33:06 [] INFO - HHH000001: Hibernate ORM core version 7.4.1.Final
2026-08-12 16:33:06 [] INFO - No LoadTimeWeaver setup: ignoring JPA class transformer
2026-08-12 16:33:06 [] INFO - HikariPool-1 - Starting...
2026-08-12 16:33:06 [] INFO - HikariPool-1 - Added connection com.mysql.cj.jdbc.ConnectionImpl@7ce047e5
2026-08-12 16:33:06 [] INFO - HikariPool-1 - Start completed.
2026-08-12 16:33:06 [] INFO - HHH10001005: Database info:
	Database JDBC URL [jdbc:mysql://localhost:3306/students_db]
	Database driver: MySQL Connector/J
	Database dialect: MySQLDialect
	Database version: 9.7.1
	Default catalog/schema: students_db/undefined
	Autocommit mode: undefined/unknown
	Isolation level: REPEATABLE_READ [default REPEATABLE_READ]
	JDBC fetch size: none
	Pool: DataSourceConnectionProvider
	Minimum pool size: undefined/unknown
	Maximum pool size: undefined/unknown
2026-08-12 16:33:06 [] INFO - HHH000489: No JTA platform available (set 'hibernate.transaction.jta.platform' to enable JTA platform integration)
2026-08-12 16:33:07 [] INFO - Initialized JPA EntityManagerFactory for persistence unit 'default'
2026-08-12 16:33:07 [] INFO - Hibernate is in classpath; If applicable, HQL parser will be used.
2026-08-12 16:33:07 [] WARN - spring.jpa.open-in-view is enabled by default. Therefore, database queries may be performed during view rendering. Explicitly configure spring.jpa.open-in-view to disable this warning
2026-08-12 16:33:07 [] WARN - Can not find io.netty.resolver.dns.macos.MacOSDnsServerAddressStreamProvider in the classpath, fallback to system defaults. This may result in incorrect DNS resolutions on MacOS. Check whether you have a dependency on 'io.netty:netty-resolver-dns-native-macos'
2026-08-12 16:33:07 [] INFO - Starting ProtocolHandler ["http-nio-8080"]
2026-08-12 16:33:07 [] INFO - Tomcat started on port 8080 (http) with context path '/'
2026-08-12 16:33:07 [] INFO - Started StudentsApiCApplication in 3.314 seconds (process running for 3.715)
2026-08-12 16:33:09 [] INFO - Initializing Spring DispatcherServlet 'dispatcherServlet'
2026-08-12 16:33:09 [] INFO - Initializing Servlet 'dispatcherServlet'
2026-08-12 16:33:09 [] INFO - Completed initialization in 2 ms
2026-08-12 16:33:10 [] ERROR- Servlet.service() for servlet [dispatcherServlet] in context with path [] threw exception
io.jsonwebtoken.security.SignatureException: JWT signature does not match locally computed signature. JWT validity cannot be asserted and should not be trusted.
	at io.jsonwebtoken.impl.DefaultJwtParser.verifySignature(DefaultJwtParser.java:340)
	at io.jsonwebtoken.impl.DefaultJwtParser.parse(DefaultJwtParser.java:577)
	at io.jsonwebtoken.impl.DefaultJwtParser.parse(DefaultJwtParser.java:362)
	at io.jsonwebtoken.impl.DefaultJwtParser.parse(DefaultJwtParser.java:94)
	at io.jsonwebtoken.impl.io.AbstractParser.parse(AbstractParser.java:36)
	at io.jsonwebtoken.impl.io.AbstractParser.parse(AbstractParser.java:29)
	at io.jsonwebtoken.impl.DefaultJwtParser.parseSignedClaims(DefaultJwtParser.java:821)
	at com.example.StudentsApiC.security.JwtService.extractClaim(JwtService.java:55)
	at com.example.StudentsApiC.security.JwtService.extractUsername(JwtService.java:41)
	at com.example.StudentsApiC.security.JwtAuthenticationFilter.doFilterInternal(JwtAuthenticationFilter.java:44)
	at org.springframework.web.filter.OncePerRequestFilter.doFilter(OncePerRequestFilter.java:116)
	at org.springframework.security.web.FilterChainProxy$VirtualFilterChain.doFilter(FilterChainProxy.java:385)
	at org.springframework.security.web.authentication.logout.LogoutFilter.doFilter(LogoutFilter.java:110)
	at org.springframework.security.web.authentication.logout.LogoutFilter.doFilter(LogoutFilter.java:96)
	at org.springframework.security.web.FilterChainProxy$VirtualFilterChain.doFilter(FilterChainProxy.java:385)
	at org.springframework.security.web.header.HeaderWriterFilter.doHeadersAfter(HeaderWriterFilter.java:90)
	at org.springframework.security.web.header.HeaderWriterFilter.doFilterInternal(HeaderWriterFilter.java:75)
	at org.springframework.web.filter.OncePerRequestFilter.doFilter(OncePerRequestFilter.java:116)
	at org.springframework.security.web.FilterChainProxy$VirtualFilterChain.doFilter(FilterChainProxy.java:385)
	at org.springframework.security.web.context.SecurityContextHolderFilter.doFilter(SecurityContextHolderFilter.java:82)
	at org.springframework.security.web.context.SecurityContextHolderFilter.doFilter(SecurityContextHolderFilter.java:69)
	at org.springframework.security.web.FilterChainProxy$VirtualFilterChain.doFilter(FilterChainProxy.java:385)
	at org.springframework.security.web.context.request.async.WebAsyncManagerIntegrationFilter.doFilterInternal(WebAsyncManagerIntegrationFilter.java:62)
	at org.springframework.web.filter.OncePerRequestFilter.doFilter(OncePerRequestFilter.java:116)
	at org.springframework.security.web.FilterChainProxy$VirtualFilterChain.doFilter(FilterChainProxy.java:385)
	at org.springframework.security.web.session.DisableEncodeUrlFilter.doFilterInternal(DisableEncodeUrlFilter.java:42)
	at org.springframework.web.filter.OncePerRequestFilter.doFilter(OncePerRequestFilter.java:116)
	at org.springframework.security.web.FilterChainProxy$VirtualFilterChain.doFilter(FilterChainProxy.java:385)
	at org.springframework.security.web.FilterChainProxy.doFilterInternal(FilterChainProxy.java:237)
	at org.springframework.security.web.FilterChainProxy.doFilter(FilterChainProxy.java:195)
	at org.springframework.web.filter.CompositeFilter$VirtualFilterChain.doFilter(CompositeFilter.java:113)
	at org.springframework.web.filter.ServletRequestPathFilter.doFilter(ServletRequestPathFilter.java:52)
	at org.springframework.web.filter.CompositeFilter$VirtualFilterChain.doFilter(CompositeFilter.java:113)
	at org.springframework.web.filter.CompositeFilter.doFilter(CompositeFilter.java:74)
	at org.springframework.security.config.annotation.web.configuration.WebSecurityConfiguration$CompositeFilterChainProxy.doFilter(WebSecurityConfiguration.java:317)
	at org.springframework.web.filter.DelegatingFilterProxy.invokeDelegate(DelegatingFilterProxy.java:355)
	at org.springframework.web.filter.DelegatingFilterProxy.doFilter(DelegatingFilterProxy.java:272)
	at org.apache.catalina.core.ApplicationFilterChain.doFilter(ApplicationFilterChain.java:107)
	at org.springframework.web.filter.RequestContextFilter.doFilterInternal(RequestContextFilter.java:100)
	at org.springframework.web.filter.OncePerRequestFilter.doFilter(OncePerRequestFilter.java:116)
	at org.apache.catalina.core.ApplicationFilterChain.doFilter(ApplicationFilterChain.java:107)
	at org.springframework.web.filter.FormContentFilter.doFilterInternal(FormContentFilter.java:93)
	at org.springframework.web.filter.OncePerRequestFilter.doFilter(OncePerRequestFilter.java:116)
	at org.apache.catalina.core.ApplicationFilterChain.doFilter(ApplicationFilterChain.java:107)
	at org.springframework.web.filter.CharacterEncodingFilter.doFilterInternal(CharacterEncodingFilter.java:199)
	at org.springframework.web.filter.OncePerRequestFilter.doFilter(OncePerRequestFilter.java:116)
	at org.apache.catalina.core.ApplicationFilterChain.doFilter(ApplicationFilterChain.java:107)
	at org.apache.catalina.core.StandardWrapperValve.invoke(StandardWrapperValve.java:165)
	at org.apache.catalina.core.StandardContextValve.invoke(StandardContextValve.java:77)
	at org.apache.catalina.authenticator.AuthenticatorBase.invoke(AuthenticatorBase.java:492)
	at org.apache.catalina.core.StandardHostValve.invoke(StandardHostValve.java:113)
	at org.apache.catalina.valves.ErrorReportValve.invoke(ErrorReportValve.java:83)
	at org.apache.catalina.core.StandardEngineValve.invoke(StandardEngineValve.java:72)
	at org.apache.catalina.connector.CoyoteAdapter.service(CoyoteAdapter.java:341)
	at org.apache.coyote.http11.Http11Processor.service(Http11Processor.java:397)
	at org.apache.coyote.AbstractProcessorLight.process(AbstractProcessorLight.java:63)
	at org.apache.coyote.AbstractProtocol$ConnectionHandler.process(AbstractProtocol.java:1272)
	at org.apache.tomcat.util.net.NioEndpoint$SocketProcessor.doRun(NioEndpoint.java:1801)
	at org.apache.tomcat.util.net.SocketProcessorBase.run(SocketProcessorBase.java:52)
	at org.apache.tomcat.util.threads.ThreadPoolExecutor.runWorker(ThreadPoolExecutor.java:946)
	at org.apache.tomcat.util.threads.ThreadPoolExecutor$Worker.run(ThreadPoolExecutor.java:480)
	at org.apache.tomcat.util.threads.TaskThread$WrappingRunnable.run(TaskThread.java:57)
	at java.base/java.lang.Thread.run(Thread.java:840)
2026-08-12 16:33:10 [] ERROR- ========== SECURITY ERROR ==========
METHOD  : GET
URL     : /error
STATUS  : 401
MESSAGE : Unauthorized: Please login first
====================================
2026-08-12 16:37:36 [] INFO - Commencing graceful shutdown. Waiting for active requests to complete
2026-08-12 16:37:36 [] INFO - Graceful shutdown complete
2026-08-12 16:37:36 [] INFO - Closing JPA EntityManagerFactory for persistence unit 'default'
2026-08-12 16:37:36 [] INFO - HikariPool-1 - Shutdown initiated...
2026-08-12 16:37:36 [] INFO - HikariPool-1 - Shutdown completed.
